12:00:06 **** Incremental Build of configuration Debug for project Robot3_F103RB_origin ****
make -j8 all 
arm-none-eabi-gcc "../Core/Src/main.c" -mcpu=cortex-m3 -std=gnu11 -g3 -DUSE_HAL_DRIVER -DSTM32F103xB -DDEBUG -c -I../Core/Inc -I../Drivers/STM32F1xx_HAL_Driver/Inc -I../Drivers/STM32F1xx_HAL_Driver/Inc/Legacy -I../Drivers/CMSIS/Device/ST/STM32F1xx/Include -I../Drivers/CMSIS/Include -O0 -ffunction-sections -fdata-sections -Wall -fstack-usage -MMD -MP -MF"Core/Src/main.d" -MT"Core/Src/main.o" --specs=nano.specs -mfloat-abi=soft -mthumb -o "Core/Src/main.o"
arm-none-eabi-gcc "../Core/Src/tim.c" -mcpu=cortex-m3 -std=gnu11 -g3 -DUSE_HAL_DRIVER -DSTM32F103xB -DDEBUG -c -I../Core/Inc -I../Drivers/STM32F1xx_HAL_Driver/Inc -I../Drivers/STM32F1xx_HAL_Driver/Inc/Legacy -I../Drivers/CMSIS/Device/ST/STM32F1xx/Include -I../Drivers/CMSIS/Include -O0 -ffunction-sections -fdata-sections -Wall -fstack-usage -MMD -MP -MF"Core/Src/tim.d" -MT"Core/Src/tim.o" --specs=nano.specs -mfloat-abi=soft -mthumb -o "Core/Src/tim.o"
arm-none-eabi-gcc "../Core/Src/usart.c" -mcpu=cortex-m3 -std=gnu11 -g3 -DUSE_HAL_DRIVER -DSTM32F103xB -DDEBUG -c -I../Core/Inc -I../Drivers/STM32F1xx_HAL_Driver/Inc -I../Drivers/STM32F1xx_HAL_Driver/Inc/Legacy -I../Drivers/CMSIS/Device/ST/STM32F1xx/Include -I../Drivers/CMSIS/Include -O0 -ffunction-sections -fdata-sections -Wall -fstack-usage -MMD -MP -MF"Core/Src/usart.d" -MT"Core/Src/usart.o" --specs=nano.specs -mfloat-abi=soft -mthumb -o "Core/Src/usart.o"
../Core/Src/main.c: In function 'ACS':
../Core/Src/main.c:826:12: warning: comparison between 'volatile enum MODE' and 'enum ETAT' [-Wenum-compare]
   if (Mode == ACTIF )
            ^~
../Core/Src/main.c: In function 'regulateur':
../Core/Src/main.c:944:12: warning: comparison between 'volatile enum MODE' and 'enum ETAT' [-Wenum-compare]
   if (Mode == ACTIF)
            ^~
arm-none-eabi-gcc -o "Robot3_F103RB_origin.elf" @"objects.list"   -mcpu=cortex-m3 -T"C:\Users\marques\Documents\Mes_Softs\ARM_Cortex\Rover_5_F103RB_Origin_CubeIDE\Robot3_F103RB_origin\STM32F103RBTX_FLASH.ld" --specs=nosys.specs -Wl,-Map="Robot3_F103RB_origin.map" -Wl,--gc-sections -static --specs=nano.specs -mfloat-abi=soft -mthumb -Wl,--start-group -lc -lm -Wl,--end-group
Finished building target: Robot3_F103RB_origin.elf
 
arm-none-eabi-size   Robot3_F103RB_origin.elf 
arm-none-eabi-objdump -h -S  Robot3_F103RB_origin.elf  > "Robot3_F103RB_origin.list"
arm-none-eabi-objcopy  -O binary  Robot3_F103RB_origin.elf  "Robot3_F103RB_origin.bin"
   text	   data	    bss	    dec	    hex	filename
  21644	     20	   2100	  23764	   5cd4	Robot3_F103RB_origin.elf
Finished building: default.size.stdout
 
Finished building: Robot3_F103RB_origin.bin
 
Finished building: Robot3_F103RB_origin.list
 
12:02:55 **** Incremental Build of configuration Debug for project Robot3_F103RB_origin ****
make -j8 all 
arm-none-eabi-size   Robot3_F103RB_origin.elf 
   text	   data	    bss	    dec	    hex	filename
  21644	     20	   2100	  23764	   5cd4	Robot3_F103RB_origin.elf
Finished building: default.size.stdout
 
17:30:53 **** Build of configuration Debug for project Robot3_F103RB_origin ****
make -j8 all 
arm-none-eabi-gcc "../Drivers/STM32F1xx_HAL_Driver/Src/stm32f1xx_hal.c" -mcpu=cortex-m3 -std=gnu11 -g3 -DUSE_HAL_DRIVER -DSTM32F103xB -DDEBUG -c -I../Core/Inc -I../Drivers/STM32F1xx_HAL_Driver/Inc -I../Drivers/STM32F1xx_HAL_Driver/Inc/Legacy -I../Drivers/CMSIS/Device/ST/STM32F1xx/Include -I../Drivers/CMSIS/Include -O0 -ffunction-sections -fdata-sections -Wall -fstack-usage -MMD -MP -MF"Drivers/STM32F1xx_HAL_Driver/Src/stm32f1xx_hal.d" -MT"Drivers/STM32F1xx_HAL_Driver/Src/stm32f1xx_hal.o" --specs=nano.specs -mfloat-abi=soft -mthumb -o "Drivers/STM32F1xx_HAL_Driver/Src/stm32f1xx_hal.o"
arm-none-eabi-gcc "../Drivers/STM32F1xx_HAL_Driver/Src/stm32f1xx_hal_adc.c" -mcpu=cortex-m3 -std=gnu11 -g3 -DUSE_HAL_DRIVER -DSTM32F103xB -DDEBUG -c -I../Core/Inc -I../Drivers/STM32F1xx_HAL_Driver/Inc -I../Drivers/STM32F1xx_HAL_Driver/Inc/Legacy -I../Drivers/CMSIS/Device/ST/STM32F1xx/Include -I../Drivers/CMSIS/Include -O0 -ffunction-sections -fdata-sections -Wall -fstack-usage -MMD -MP -MF"Drivers/STM32F1xx_HAL_Driver/Src/stm32f1xx_hal_adc.d" -MT"Drivers/STM32F1xx_HAL_Driver/Src/stm32f1xx_hal_adc.o" --specs=nano.specs -mfloat-abi=soft -mthumb -o "Drivers/STM32F1xx_HAL_Driver/Src/stm32f1xx_hal_adc.o"
arm-none-eabi-gcc "../Drivers/STM32F1xx_HAL_Driver/Src/stm32f1xx_hal_adc_ex.c" -mcpu=cortex-m3 -std=gnu11 -g3 -DUSE_HAL_DRIVER -DSTM32F103xB -DDEBUG -c -I../Core/Inc -I../Drivers/STM32F1xx_HAL_Driver/Inc -I../Drivers/STM32F1xx_HAL_Driver/Inc/Legacy -I../Drivers/CMSIS/Device/ST/STM32F1xx/Include -I../Drivers/CMSIS/Include -O0 -ffunction-sections -fdata-sections -Wall -fstack-usage -MMD -MP -MF"Drivers/STM32F1xx_HAL_Driver/Src/stm32f1xx_hal_adc_ex.d" -MT"Drivers/STM32F1xx_HAL_Driver/Src/stm32f1xx_hal_adc_ex.o" --specs=nano.specs -mfloat-abi=soft -mthumb -o "Drivers/STM32F1xx_HAL_Driver/Src/stm32f1xx_hal_adc_ex.o"
arm-none-eabi-gcc "../Drivers/STM32F1xx_HAL_Driver/Src/stm32f1xx_hal_cortex.c" -mcpu=cortex-m3 -std=gnu11 -g3 -DUSE_HAL_DRIVER -DSTM32F103xB -DDEBUG -c -I../Core/Inc -I../Drivers/STM32F1xx_HAL_Driver/Inc -I../Drivers/STM32F1xx_HAL_Driver/Inc/Legacy -I../Drivers/CMSIS/Device/ST/STM32F1xx/Include -I../Drivers/CMSIS/Include -O0 -ffunction-sections -fdata-sections -Wall -fstack-usage -MMD -MP -MF"Drivers/STM32F1xx_HAL_Driver/Src/stm32f1xx_hal_cortex.d" -MT"Drivers/STM32F1xx_HAL_Driver/Src/stm32f1xx_hal_cortex.o" --specs=nano.specs -mfloat-abi=soft -mthumb -o "Drivers/STM32F1xx_HAL_Driver/Src/stm32f1xx_hal_cortex.o"
arm-none-eabi-gcc "../Drivers/STM32F1xx_HAL_Driver/Src/stm32f1xx_hal_dma.c" -mcpu=cortex-m3 -std=gnu11 -g3 -DUSE_HAL_DRIVER -DSTM32F103xB -DDEBUG -c -I../Core/Inc -I../Drivers/STM32F1xx_HAL_Driver/Inc -I../Drivers/STM32F1xx_HAL_Driver/Inc/Legacy -I../Drivers/CMSIS/Device/ST/STM32F1xx/Include -I../Drivers/CMSIS/Include -O0 -ffunction-sections -fdata-sections -Wall -fstack-usage -MMD -MP -MF"Drivers/STM32F1xx_HAL_Driver/Src/stm32f1xx_hal_dma.d" -MT"Drivers/STM32F1xx_HAL_Driver/Src/stm32f1xx_hal_dma.o" --specs=nano.specs -mfloat-abi=soft -mthumb -o "Drivers/STM32F1xx_HAL_Driver/Src/stm32f1xx_hal_dma.o"
arm-none-eabi-gcc "../Drivers/STM32F1xx_HAL_Driver/Src/stm32f1xx_hal_exti.c" -mcpu=cortex-m3 -std=gnu11 -g3 -DUSE_HAL_DRIVER -DSTM32F103xB -DDEBUG -c -I../Core/Inc -I../Drivers/STM32F1xx_HAL_Driver/Inc -I../Drivers/STM32F1xx_HAL_Driver/Inc/Legacy -I../Drivers/CMSIS/Device/ST/STM32F1xx/Include -I../Drivers/CMSIS/Include -O0 -ffunction-sections -fdata-sections -Wall -fstack-usage -MMD -MP -MF"Drivers/STM32F1xx_HAL_Driver/Src/stm32f1xx_hal_exti.d" -MT"Drivers/STM32F1xx_HAL_Driver/Src/stm32f1xx_hal_exti.o" --specs=nano.specs -mfloat-abi=soft -mthumb -o "Drivers/STM32F1xx_HAL_Driver/Src/stm32f1xx_hal_exti.o"
arm-none-eabi-gcc "../Drivers/STM32F1xx_HAL_Driver/Src/stm32f1xx_hal_flash.c" -mcpu=cortex-m3 -std=gnu11 -g3 -DUSE_HAL_DRIVER -DSTM32F103xB -DDEBUG -c -I../Core/Inc -I../Drivers/STM32F1xx_HAL_Driver/Inc -I../Drivers/STM32F1xx_HAL_Driver/Inc/Legacy -I../Drivers/CMSIS/Device/ST/STM32F1xx/Include -I../Drivers/CMSIS/Include -O0 -ffunction-sections -fdata-sections -Wall -fstack-usage -MMD -MP -MF"Drivers/STM32F1xx_HAL_Driver/Src/stm32f1xx_hal_flash.d" -MT"Drivers/STM32F1xx_HAL_Driver/Src/stm32f1xx_hal_flash.o" --specs=nano.specs -mfloat-abi=soft -mthumb -o "Drivers/STM32F1xx_HAL_Driver/Src/stm32f1xx_hal_flash.o"
arm-none-eabi-gcc "../Drivers/STM32F1xx_HAL_Driver/Src/stm32f1xx_hal_flash_ex.c" -mcpu=cortex-m3 -std=gnu11 -g3 -DUSE_HAL_DRIVER -DSTM32F103xB -DDEBUG -c -I../Core/Inc -I../Drivers/STM32F1xx_HAL_Driver/Inc -I../Drivers/STM32F1xx_HAL_Driver/Inc/Legacy -I../Drivers/CMSIS/Device/ST/STM32F1xx/Include -I../Drivers/CMSIS/Include -O0 -ffunction-sections -fdata-sections -Wall -fstack-usage -MMD -MP -MF"Drivers/STM32F1xx_HAL_Driver/Src/stm32f1xx_hal_flash_ex.d" -MT"Drivers/STM32F1xx_HAL_Driver/Src/stm32f1xx_hal_flash_ex.o" --specs=nano.specs -mfloat-abi=soft -mthumb -o "Drivers/STM32F1xx_HAL_Driver/Src/stm32f1xx_hal_flash_ex.o"
arm-none-eabi-gcc "../Drivers/STM32F1xx_HAL_Driver/Src/stm32f1xx_hal_gpio.c" -mcpu=cortex-m3 -std=gnu11 -g3 -DUSE_HAL_DRIVER -DSTM32F103xB -DDEBUG -c -I../Core/Inc -I../Drivers/STM32F1xx_HAL_Driver/Inc -I../Drivers/STM32F1xx_HAL_Driver/Inc/Legacy -I../Drivers/CMSIS/Device/ST/STM32F1xx/Include -I../Drivers/CMSIS/Include -O0 -ffunction-sections -fdata-sections -Wall -fstack-usage -MMD -MP -MF"Drivers/STM32F1xx_HAL_Driver/Src/stm32f1xx_hal_gpio.d" -MT"Drivers/STM32F1xx_HAL_Driver/Src/stm32f1xx_hal_gpio.o" --specs=nano.specs -mfloat-abi=soft -mthumb -o "Drivers/STM32F1xx_HAL_Driver/Src/stm32f1xx_hal_gpio.o"
arm-none-eabi-gcc "../Drivers/STM32F1xx_HAL_Driver/Src/stm32f1xx_hal_gpio_ex.c" -mcpu=cortex-m3 -std=gnu11 -g3 -DUSE_HAL_DRIVER -DSTM32F103xB -DDEBUG -c -I../Core/Inc -I../Drivers/STM32F1xx_HAL_Driver/Inc -I../Drivers/STM32F1xx_HAL_Driver/Inc/Legacy -I../Drivers/CMSIS/Device/ST/STM32F1xx/Include -I../Drivers/CMSIS/Include -O0 -ffunction-sections -fdata-sections -Wall -fstack-usage -MMD -MP -MF"Drivers/STM32F1xx_HAL_Driver/Src/stm32f1xx_hal_gpio_ex.d" -MT"Drivers/STM32F1xx_HAL_Driver/Src/stm32f1xx_hal_gpio_ex.o" --specs=nano.specs -mfloat-abi=soft -mthumb -o "Drivers/STM32F1xx_HAL_Driver/Src/stm32f1xx_hal_gpio_ex.o"
arm-none-eabi-gcc "../Drivers/STM32F1xx_HAL_Driver/Src/stm32f1xx_hal_pwr.c" -mcpu=cortex-m3 -std=gnu11 -g3 -DUSE_HAL_DRIVER -DSTM32F103xB -DDEBUG -c -I../Core/Inc -I../Drivers/STM32F1xx_HAL_Driver/Inc -I../Drivers/STM32F1xx_HAL_Driver/Inc/Legacy -I../Drivers/CMSIS/Device/ST/STM32F1xx/Include -I../Drivers/CMSIS/Include -O0 -ffunction-sections -fdata-sections -Wall -fstack-usage -MMD -MP -MF"Drivers/STM32F1xx_HAL_Driver/Src/stm32f1xx_hal_pwr.d" -MT"Drivers/STM32F1xx_HAL_Driver/Src/stm32f1xx_hal_pwr.o" --specs=nano.specs -mfloat-abi=soft -mthumb -o "Drivers/STM32F1xx_HAL_Driver/Src/stm32f1xx_hal_pwr.o"
arm-none-eabi-gcc "../Drivers/STM32F1xx_HAL_Driver/Src/stm32f1xx_hal_rcc.c" -mcpu=cortex-m3 -std=gnu11 -g3 -DUSE_HAL_DRIVER -DSTM32F103xB -DDEBUG -c -I../Core/Inc -I../Drivers/STM32F1xx_HAL_Driver/Inc -I../Drivers/STM32F1xx_HAL_Driver/Inc/Legacy -I../Drivers/CMSIS/Device/ST/STM32F1xx/Include -I../Drivers/CMSIS/Include -O0 -ffunction-sections -fdata-sections -Wall -fstack-usage -MMD -MP -MF"Drivers/STM32F1xx_HAL_Driver/Src/stm32f1xx_hal_rcc.d" -MT"Drivers/STM32F1xx_HAL_Driver/Src/stm32f1xx_hal_rcc.o" --specs=nano.specs -mfloat-abi=soft -mthumb -o "Drivers/STM32F1xx_HAL_Driver/Src/stm32f1xx_hal_rcc.o"
arm-none-eabi-gcc "../Drivers/STM32F1xx_HAL_Driver/Src/stm32f1xx_hal_rcc_ex.c" -mcpu=cortex-m3 -std=gnu11 -g3 -DUSE_HAL_DRIVER -DSTM32F103xB -DDEBUG -c -I../Core/Inc -I../Drivers/STM32F1xx_HAL_Driver/Inc -I../Drivers/STM32F1xx_HAL_Driver/Inc/Legacy -I../Drivers/CMSIS/Device/ST/STM32F1xx/Include -I../Drivers/CMSIS/Include -O0 -ffunction-sections -fdata-sections -Wall -fstack-usage -MMD -MP -MF"Drivers/STM32F1xx_HAL_Driver/Src/stm32f1xx_hal_rcc_ex.d" -MT"Drivers/STM32F1xx_HAL_Driver/Src/stm32f1xx_hal_rcc_ex.o" --specs=nano.specs -mfloat-abi=soft -mthumb -o "Drivers/STM32F1xx_HAL_Driver/Src/stm32f1xx_hal_rcc_ex.o"
arm-none-eabi-gcc "../Drivers/STM32F1xx_HAL_Driver/Src/stm32f1xx_hal_tim.c" -mcpu=cortex-m3 -std=gnu11 -g3 -DUSE_HAL_DRIVER -DSTM32F103xB -DDEBUG -c -I../Core/Inc -I../Drivers/STM32F1xx_HAL_Driver/Inc -I../Drivers/STM32F1xx_HAL_Driver/Inc/Legacy -I../Drivers/CMSIS/Device/ST/STM32F1xx/Include -I../Drivers/CMSIS/Include -O0 -ffunction-sections -fdata-sections -Wall -fstack-usage -MMD -MP -MF"Drivers/STM32F1xx_HAL_Driver/Src/stm32f1xx_hal_tim.d" -MT"Drivers/STM32F1xx_HAL_Driver/Src/stm32f1xx_hal_tim.o" --specs=nano.specs -mfloat-abi=soft -mthumb -o "Drivers/STM32F1xx_HAL_Driver/Src/stm32f1xx_hal_tim.o"
arm-none-eabi-gcc "../Drivers/STM32F1xx_HAL_Driver/Src/stm32f1xx_hal_tim_ex.c" -mcpu=cortex-m3 -std=gnu11 -g3 -DUSE_HAL_DRIVER -DSTM32F103xB -DDEBUG -c -I../Core/Inc -I../Drivers/STM32F1xx_HAL_Driver/Inc -I../Drivers/STM32F1xx_HAL_Driver/Inc/Legacy -I../Drivers/CMSIS/Device/ST/STM32F1xx/Include -I../Drivers/CMSIS/Include -O0 -ffunction-sections -fdata-sections -Wall -fstack-usage -MMD -MP -MF"Drivers/STM32F1xx_HAL_Driver/Src/stm32f1xx_hal_tim_ex.d" -MT"Drivers/STM32F1xx_HAL_Driver/Src/stm32f1xx_hal_tim_ex.o" --specs=nano.specs -mfloat-abi=soft -mthumb -o "Drivers/STM32F1xx_HAL_Driver/Src/stm32f1xx_hal_tim_ex.o"
arm-none-eabi-gcc "../Drivers/STM32F1xx_HAL_Driver/Src/stm32f1xx_hal_uart.c" -mcpu=cortex-m3 -std=gnu11 -g3 -DUSE_HAL_DRIVER -DSTM32F103xB -DDEBUG -c -I../Core/Inc -I../Drivers/STM32F1xx_HAL_Driver/Inc -I../Drivers/STM32F1xx_HAL_Driver/Inc/Legacy -I../Drivers/CMSIS/Device/ST/STM32F1xx/Include -I../Drivers/CMSIS/Include -O0 -ffunction-sections -fdata-sections -Wall -fstack-usage -MMD -MP -MF"Drivers/STM32F1xx_HAL_Driver/Src/stm32f1xx_hal_uart.d" -MT"Drivers/STM32F1xx_HAL_Driver/Src/stm32f1xx_hal_uart.o" --specs=nano.specs -mfloat-abi=soft -mthumb -o "Drivers/STM32F1xx_HAL_Driver/Src/stm32f1xx_hal_uart.o"
arm-none-eabi-gcc -mcpu=cortex-m3 -g3 -DDEBUG -c -x assembler-with-cpp -MMD -MP -MF"Core/Startup/startup_stm32f103rbtx.d" -MT"Core/Startup/startup_stm32f103rbtx.o" --specs=nano.specs -mfloat-abi=soft -mthumb -o "Core/Startup/startup_stm32f103rbtx.o" "../Core/Startup/startup_stm32f103rbtx.s"
arm-none-eabi-gcc "../Core/Src/adc.c" -mcpu=cortex-m3 -std=gnu11 -g3 -DUSE_HAL_DRIVER -DSTM32F103xB -DDEBUG -c -I../Core/Inc -I../Drivers/STM32F1xx_HAL_Driver/Inc -I../Drivers/STM32F1xx_HAL_Driver/Inc/Legacy -I../Drivers/CMSIS/Device/ST/STM32F1xx/Include -I../Drivers/CMSIS/Include -O0 -ffunction-sections -fdata-sections -Wall -fstack-usage -MMD -MP -MF"Core/Src/adc.d" -MT"Core/Src/adc.o" --specs=nano.specs -mfloat-abi=soft -mthumb -o "Core/Src/adc.o"
arm-none-eabi-gcc "../Core/Src/dma.c" -mcpu=cortex-m3 -std=gnu11 -g3 -DUSE_HAL_DRIVER -DSTM32F103xB -DDEBUG -c -I../Core/Inc -I../Drivers/STM32F1xx_HAL_Driver/Inc -I../Drivers/STM32F1xx_HAL_Driver/Inc/Legacy -I../Drivers/CMSIS/Device/ST/STM32F1xx/Include -I../Drivers/CMSIS/Include -O0 -ffunction-sections -fdata-sections -Wall -fstack-usage -MMD -MP -MF"Core/Src/dma.d" -MT"Core/Src/dma.o" --specs=nano.specs -mfloat-abi=soft -mthumb -o "Core/Src/dma.o"
arm-none-eabi-gcc "../Core/Src/gpio.c" -mcpu=cortex-m3 -std=gnu11 -g3 -DUSE_HAL_DRIVER -DSTM32F103xB -DDEBUG -c -I../Core/Inc -I../Drivers/STM32F1xx_HAL_Driver/Inc -I../Drivers/STM32F1xx_HAL_Driver/Inc/Legacy -I../Drivers/CMSIS/Device/ST/STM32F1xx/Include -I../Drivers/CMSIS/Include -O0 -ffunction-sections -fdata-sections -Wall -fstack-usage -MMD -MP -MF"Core/Src/gpio.d" -MT"Core/Src/gpio.o" --specs=nano.specs -mfloat-abi=soft -mthumb -o "Core/Src/gpio.o"
arm-none-eabi-gcc "../Core/Src/main.c" -mcpu=cortex-m3 -std=gnu11 -g3 -DUSE_HAL_DRIVER -DSTM32F103xB -DDEBUG -c -I../Core/Inc -I../Drivers/STM32F1xx_HAL_Driver/Inc -I../Drivers/STM32F1xx_HAL_Driver/Inc/Legacy -I../Drivers/CMSIS/Device/ST/STM32F1xx/Include -I../Drivers/CMSIS/Include -O0 -ffunction-sections -fdata-sections -Wall -fstack-usage -MMD -MP -MF"Core/Src/main.d" -MT"Core/Src/main.o" --specs=nano.specs -mfloat-abi=soft -mthumb -o "Core/Src/main.o"
arm-none-eabi-gcc "../Core/Src/stm32f1xx_hal_msp.c" -mcpu=cortex-m3 -std=gnu11 -g3 -DUSE_HAL_DRIVER -DSTM32F103xB -DDEBUG -c -I../Core/Inc -I../Drivers/STM32F1xx_HAL_Driver/Inc -I../Drivers/STM32F1xx_HAL_Driver/Inc/Legacy -I../Drivers/CMSIS/Device/ST/STM32F1xx/Include -I../Drivers/CMSIS/Include -O0 -ffunction-sections -fdata-sections -Wall -fstack-usage -MMD -MP -MF"Core/Src/stm32f1xx_hal_msp.d" -MT"Core/Src/stm32f1xx_hal_msp.o" --specs=nano.specs -mfloat-abi=soft -mthumb -o "Core/Src/stm32f1xx_hal_msp.o"
arm-none-eabi-gcc "../Core/Src/stm32f1xx_it.c" -mcpu=cortex-m3 -std=gnu11 -g3 -DUSE_HAL_DRIVER -DSTM32F103xB -DDEBUG -c -I../Core/Inc -I../Drivers/STM32F1xx_HAL_Driver/Inc -I../Drivers/STM32F1xx_HAL_Driver/Inc/Legacy -I../Drivers/CMSIS/Device/ST/STM32F1xx/Include -I../Drivers/CMSIS/Include -O0 -ffunction-sections -fdata-sections -Wall -fstack-usage -MMD -MP -MF"Core/Src/stm32f1xx_it.d" -MT"Core/Src/stm32f1xx_it.o" --specs=nano.specs -mfloat-abi=soft -mthumb -o "Core/Src/stm32f1xx_it.o"
arm-none-eabi-gcc "../Core/Src/syscalls.c" -mcpu=cortex-m3 -std=gnu11 -g3 -DUSE_HAL_DRIVER -DSTM32F103xB -DDEBUG -c -I../Core/Inc -I../Drivers/STM32F1xx_HAL_Driver/Inc -I../Drivers/STM32F1xx_HAL_Driver/Inc/Legacy -I../Drivers/CMSIS/Device/ST/STM32F1xx/Include -I../Drivers/CMSIS/Include -O0 -ffunction-sections -fdata-sections -Wall -fstack-usage -MMD -MP -MF"Core/Src/syscalls.d" -MT"Core/Src/syscalls.o" --specs=nano.specs -mfloat-abi=soft -mthumb -o "Core/Src/syscalls.o"
arm-none-eabi-gcc "../Core/Src/sysmem.c" -mcpu=cortex-m3 -std=gnu11 -g3 -DUSE_HAL_DRIVER -DSTM32F103xB -DDEBUG -c -I../Core/Inc -I../Drivers/STM32F1xx_HAL_Driver/Inc -I../Drivers/STM32F1xx_HAL_Driver/Inc/Legacy -I../Drivers/CMSIS/Device/ST/STM32F1xx/Include -I../Drivers/CMSIS/Include -O0 -ffunction-sections -fdata-sections -Wall -fstack-usage -MMD -MP -MF"Core/Src/sysmem.d" -MT"Core/Src/sysmem.o" --specs=nano.specs -mfloat-abi=soft -mthumb -o "Core/Src/sysmem.o"
arm-none-eabi-gcc "../Core/Src/system_stm32f1xx.c" -mcpu=cortex-m3 -std=gnu11 -g3 -DUSE_HAL_DRIVER -DSTM32F103xB -DDEBUG -c -I../Core/Inc -I../Drivers/STM32F1xx_HAL_Driver/Inc -I../Drivers/STM32F1xx_HAL_Driver/Inc/Legacy -I../Drivers/CMSIS/Device/ST/STM32F1xx/Include -I../Drivers/CMSIS/Include -O0 -ffunction-sections -fdata-sections -Wall -fstack-usage -MMD -MP -MF"Core/Src/system_stm32f1xx.d" -MT"Core/Src/system_stm32f1xx.o" --specs=nano.specs -mfloat-abi=soft -mthumb -o "Core/Src/system_stm32f1xx.o"
arm-none-eabi-gcc "../Core/Src/tim.c" -mcpu=cortex-m3 -std=gnu11 -g3 -DUSE_HAL_DRIVER -DSTM32F103xB -DDEBUG -c -I../Core/Inc -I../Drivers/STM32F1xx_HAL_Driver/Inc -I../Drivers/STM32F1xx_HAL_Driver/Inc/Legacy -I../Drivers/CMSIS/Device/ST/STM32F1xx/Include -I../Drivers/CMSIS/Include -O0 -ffunction-sections -fdata-sections -Wall -fstack-usage -MMD -MP -MF"Core/Src/tim.d" -MT"Core/Src/tim.o" --specs=nano.specs -mfloat-abi=soft -mthumb -o "Core/Src/tim.o"
arm-none-eabi-gcc "../Core/Src/usart.c" -mcpu=cortex-m3 -std=gnu11 -g3 -DUSE_HAL_DRIVER -DSTM32F103xB -DDEBUG -c -I../Core/Inc -I../Drivers/STM32F1xx_HAL_Driver/Inc -I../Drivers/STM32F1xx_HAL_Driver/Inc/Legacy -I../Drivers/CMSIS/Device/ST/STM32F1xx/Include -I../Drivers/CMSIS/Include -O0 -ffunction-sections -fdata-sections -Wall -fstack-usage -MMD -MP -MF"Core/Src/usart.d" -MT"Core/Src/usart.o" --specs=nano.specs -mfloat-abi=soft -mthumb -o "Core/Src/usart.o"
../Core/Src/main.c: In function 'main':
../Core/Src/main.c:242:35: warning: passing argument 2 of 'HAL_UART_Receive_IT' from incompatible pointer type [-Wincompatible-pointer-types]
  242 |      HAL_UART_Receive_IT(&huart1, Xbee_RX,8);
      |                                   ^~~~~~~
      |                                   |
      |                                   uint16_t * {aka short unsigned int *}
In file included from ../Core/Inc/stm32f1xx_hal_conf.h:337,
                 from ../Drivers/STM32F1xx_HAL_Driver/Inc/stm32f1xx_hal.h:30,
                 from ../Core/Inc/main.h:31,
                 from ../Core/Src/main.c:21:
../Drivers/STM32F1xx_HAL_Driver/Inc/stm32f1xx_hal_uart.h:703:75: note: expected 'uint8_t *' {aka 'unsigned char *'} but argument is of type 'uint16_t *' {aka 'short unsigned int *'}
  703 | HAL_StatusTypeDef HAL_UART_Receive_IT(UART_HandleTypeDef *huart, uint8_t *pData, uint16_t Size);
      |                                                                  ~~~~~~~~~^~~~~
../Core/Src/main.c: In function 'Gestion_Commandes':
../Core/Src/main.c:341:5: warning: enumeration value 'PARK' not handled in switch [-Wswitch]
  341 |     switch (Etat) {
      |     ^~~~~~
../Core/Src/main.c:406:5: warning: enumeration value 'PARK' not handled in switch [-Wswitch]
  406 |     switch (Etat) {
      |     ^~~~~~
../Core/Src/main.c:471:5: warning: enumeration value 'PARK' not handled in switch [-Wswitch]
  471 |     switch (Etat) {
      |     ^~~~~~
../Core/Src/main.c:536:5: warning: enumeration value 'PARK' not handled in switch [-Wswitch]
  536 |     switch (Etat) {
      |     ^~~~~~
../Core/Src/main.c:602:5: warning: enumeration value 'AV1' not handled in switch [-Wswitch]
  602 |     switch (Etat) {
      |     ^~~~~~
../Core/Src/main.c:602:5: warning: enumeration value 'AV2' not handled in switch [-Wswitch]
../Core/Src/main.c:602:5: warning: enumeration value 'AV3' not handled in switch [-Wswitch]
../Core/Src/main.c:602:5: warning: enumeration value 'RV1' not handled in switch [-Wswitch]
../Core/Src/main.c:602:5: warning: enumeration value 'RV2' not handled in switch [-Wswitch]
../Core/Src/main.c:602:5: warning: enumeration value 'RV3' not handled in switch [-Wswitch]
../Core/Src/main.c:602:5: warning: enumeration value 'DV1' not handled in switch [-Wswitch]
../Core/Src/main.c:602:5: warning: enumeration value 'DV2' not handled in switch [-Wswitch]
../Core/Src/main.c:602:5: warning: enumeration value 'DV3' not handled in switch [-Wswitch]
../Core/Src/main.c:602:5: warning: enumeration value 'GV1' not handled in switch [-Wswitch]
../Core/Src/main.c:602:5: warning: enumeration value 'GV2' not handled in switch [-Wswitch]
../Core/Src/main.c:602:5: warning: enumeration value 'GV3' not handled in switch [-Wswitch]
../Core/Src/main.c:602:5: warning: enumeration value 'PARK' not handled in switch [-Wswitch]
../Core/Src/main.c:602:5: warning: enumeration value 'Att_PARK' not handled in switch [-Wswitch]
../Core/Src/main.c:616:5: warning: enumeration value 'AV1' not handled in switch [-Wswitch]
  616 |     switch (Etat) {
      |     ^~~~~~
../Core/Src/main.c:616:5: warning: enumeration value 'AV2' not handled in switch [-Wswitch]
../Core/Src/main.c:616:5: warning: enumeration value 'AV3' not handled in switch [-Wswitch]
../Core/Src/main.c:616:5: warning: enumeration value 'RV1' not handled in switch [-Wswitch]
../Core/Src/main.c:616:5: warning: enumeration value 'RV2' not handled in switch [-Wswitch]
../Core/Src/main.c:616:5: warning: enumeration value 'RV3' not handled in switch [-Wswitch]
../Core/Src/main.c:616:5: warning: enumeration value 'DV1' not handled in switch [-Wswitch]
../Core/Src/main.c:616:5: warning: enumeration value 'DV2' not handled in switch [-Wswitch]
../Core/Src/main.c:616:5: warning: enumeration value 'DV3' not handled in switch [-Wswitch]
../Core/Src/main.c:616:5: warning: enumeration value 'GV1' not handled in switch [-Wswitch]
../Core/Src/main.c:616:5: warning: enumeration value 'GV2' not handled in switch [-Wswitch]
../Core/Src/main.c:616:5: warning: enumeration value 'GV3' not handled in switch [-Wswitch]
../Core/Src/main.c:616:5: warning: enumeration value 'PARK' not handled in switch [-Wswitch]
../Core/Src/main.c:616:5: warning: enumeration value 'Att_PARK' not handled in switch [-Wswitch]
../Core/Src/main.c: In function 'ACS':
../Core/Src/main.c:655:14: warning: comparison between 'volatile enum MODE' and 'enum ETAT' [-Wenum-compare]
  655 |    if ( Mode == ACTIF || Mode == Park || Mode == Att_Park )
      |              ^~
../Core/Src/main.c: In function 'regulateur':
../Core/Src/main.c:745:12: warning: comparison between 'volatile enum MODE' and 'enum ETAT' [-Wenum-compare]
  745 |   if (Mode == ACTIF || Mode== Park || Mode== Att_Park)
      |            ^~
../Core/Src/main.c: In function 'Pilotage_Auto':
../Core/Src/main.c:837:5: warning: enumeration value 'SLEEP' not handled in switch [-Wswitch]
  837 |     switch (Mode){
      |     ^~~~~~
../Core/Src/main.c:837:5: warning: enumeration value 'ACTIF' not handled in switch [-Wswitch]
../Core/Src/main.c:854:5: warning: enumeration value 'EnvoyerCoord' not handled in switch [-Wswitch]
  854 |     switch (Sous_Etat){
      |     ^~~~~~
../Core/Src/main.c:854:5: warning: enumeration value 'AttenteAck' not handled in switch [-Wswitch]
../Core/Src/main.c:854:5: warning: enumeration value 'AttenteReply' not handled in switch [-Wswitch]
../Core/Src/main.c:854:5: warning: enumeration value 'calc_xyz' not handled in switch [-Wswitch]
../Core/Src/main.c:854:5: warning: enumeration value 'phase1' not handled in switch [-Wswitch]
../Core/Src/main.c:854:5: warning: enumeration value 'phase2' not handled in switch [-Wswitch]
../Core/Src/main.c:854:5: warning: enumeration value 'phase3' not handled in switch [-Wswitch]
../Core/Src/main.c:854:5: warning: enumeration value 'DemandeAdd' not handled in switch [-Wswitch]
../Core/Src/main.c:854:5: warning: enumeration value 'EnvoyerAdd' not handled in switch [-Wswitch]
../Core/Src/main.c:854:5: warning: enumeration value 'AttDemAdd' not handled in switch [-Wswitch]
../Core/Src/main.c:854:5: warning: enumeration value 'AttPos' not handled in switch [-Wswitch]
../Core/Src/main.c:911:33: warning: passing argument 2 of 'HAL_UART_Transmit' from incompatible pointer type [-Wincompatible-pointer-types]
  911 |       HAL_UART_Transmit(&huart1,Dem_TX,8,1000);
      |                                 ^~~~~~
      |                                 |
      |                                 uint16_t * {aka short unsigned int *}
In file included from ../Core/Inc/stm32f1xx_hal_conf.h:337,
                 from ../Drivers/STM32F1xx_HAL_Driver/Inc/stm32f1xx_hal.h:30,
                 from ../Core/Inc/main.h:31,
                 from ../Core/Src/main.c:21:
../Drivers/STM32F1xx_HAL_Driver/Inc/stm32f1xx_hal_uart.h:700:73: note: expected 'uint8_t *' {aka 'unsigned char *'} but argument is of type 'uint16_t *' {aka 'short unsigned int *'}
  700 | HAL_StatusTypeDef HAL_UART_Transmit(UART_HandleTypeDef *huart, uint8_t *pData, uint16_t Size, uint32_t Timeout);
      |                                                                ~~~~~~~~~^~~~~
../Core/Src/main.c:935:34: warning: passing argument 2 of 'HAL_UART_Transmit' from incompatible pointer type [-Wincompatible-pointer-types]
  935 |        HAL_UART_Transmit(&huart1,Coord_TX,8,1000);
      |                                  ^~~~~~~~
      |                                  |
      |                                  uint16_t * {aka short unsigned int *}
In file included from ../Core/Inc/stm32f1xx_hal_conf.h:337,
                 from ../Drivers/STM32F1xx_HAL_Driver/Inc/stm32f1xx_hal.h:30,
                 from ../Core/Inc/main.h:31,
                 from ../Core/Src/main.c:21:
../Drivers/STM32F1xx_HAL_Driver/Inc/stm32f1xx_hal_uart.h:700:73: note: expected 'uint8_t *' {aka 'unsigned char *'} but argument is of type 'uint16_t *' {aka 'short unsigned int *'}
  700 | HAL_StatusTypeDef HAL_UART_Transmit(UART_HandleTypeDef *huart, uint8_t *pData, uint16_t Size, uint32_t Timeout);
      |                                                                ~~~~~~~~~^~~~~
../Core/Src/main.c:907:5: warning: enumeration value 'AttenteAck' not handled in switch [-Wswitch]
  907 |     switch (Sous_Etat) {
      |     ^~~~~~
../Core/Src/main.c:907:5: warning: enumeration value 'tourne_servo' not handled in switch [-Wswitch]
../Core/Src/main.c:907:5: warning: enumeration value 'get_Dist' not handled in switch [-Wswitch]
../Core/Src/main.c:907:5: warning: enumeration value 'calc_xyz' not handled in switch [-Wswitch]
../Core/Src/main.c:907:5: warning: enumeration value 'phase1' not handled in switch [-Wswitch]
../Core/Src/main.c:907:5: warning: enumeration value 'phase2' not handled in switch [-Wswitch]
../Core/Src/main.c:907:5: warning: enumeration value 'phase3' not handled in switch [-Wswitch]
../Core/Src/main.c:907:5: warning: enumeration value 'EnvoyerAdd' not handled in switch [-Wswitch]
../Core/Src/main.c:907:5: warning: enumeration value 'AttDemAdd' not handled in switch [-Wswitch]
../Core/Src/main.c:907:5: warning: enumeration value 'AttPos' not handled in switch [-Wswitch]
../Core/Src/main.c:966:34: warning: passing argument 2 of 'HAL_UART_Transmit' from incompatible pointer type [-Wincompatible-pointer-types]
  966 |        HAL_UART_Transmit(&huart1,Add_TX,8,1000);
      |                                  ^~~~~~
      |                                  |
      |                                  uint16_t * {aka short unsigned int *}
In file included from ../Core/Inc/stm32f1xx_hal_conf.h:337,
                 from ../Drivers/STM32F1xx_HAL_Driver/Inc/stm32f1xx_hal.h:30,
                 from ../Core/Inc/main.h:31,
                 from ../Core/Src/main.c:21:
../Drivers/STM32F1xx_HAL_Driver/Inc/stm32f1xx_hal_uart.h:700:73: note: expected 'uint8_t *' {aka 'unsigned char *'} but argument is of type 'uint16_t *' {aka 'short unsigned int *'}
  700 | HAL_StatusTypeDef HAL_UART_Transmit(UART_HandleTypeDef *huart, uint8_t *pData, uint16_t Size, uint32_t Timeout);
      |                                                                ~~~~~~~~~^~~~~
../Core/Src/main.c:950:5: warning: enumeration value 'EnvoyerCoord' not handled in switch [-Wswitch]
  950 |     switch (Sous_Etat) {
      |     ^~~~~~
../Core/Src/main.c:950:5: warning: enumeration value 'AttenteReply' not handled in switch [-Wswitch]
../Core/Src/main.c:950:5: warning: enumeration value 'tourne_servo' not handled in switch [-Wswitch]
../Core/Src/main.c:950:5: warning: enumeration value 'get_Dist' not handled in switch [-Wswitch]
../Core/Src/main.c:950:5: warning: enumeration value 'calc_xyz' not handled in switch [-Wswitch]
../Core/Src/main.c:950:5: warning: enumeration value 'DemandeAdd' not handled in switch [-Wswitch]
../Core/Src/main.c:950:5: warning: enumeration value 'AttPos' not handled in switch [-Wswitch]
../Core/Src/main.c: In function 'HAL_UART_RxCpltCallback':
../Core/Src/main.c:1253:32: warning: passing argument 2 of 'HAL_UART_Receive_IT' from incompatible pointer type [-Wincompatible-pointer-types]
 1253 |   HAL_UART_Receive_IT(&huart1, Xbee_RX, 8);
      |                                ^~~~~~~
      |                                |
      |                                uint16_t * {aka short unsigned int *}
In file included from ../Core/Inc/stm32f1xx_hal_conf.h:337,
                 from ../Drivers/STM32F1xx_HAL_Driver/Inc/stm32f1xx_hal.h:30,
                 from ../Core/Inc/main.h:31,
                 from ../Core/Src/main.c:21:
../Drivers/STM32F1xx_HAL_Driver/Inc/stm32f1xx_hal_uart.h:703:75: note: expected 'uint8_t *' {aka 'unsigned char *'} but argument is of type 'uint16_t *' {aka 'short unsigned int *'}
  703 | HAL_StatusTypeDef HAL_UART_Receive_IT(UART_HandleTypeDef *huart, uint8_t *pData, uint16_t Size);
      |                                                                  ~~~~~~~~~^~~~~
arm-none-eabi-gcc -o "Robot3_F103RB_origin.elf" @"objects.list"   -mcpu=cortex-m3 -T"C:\ROBOT3\New\Rover_5_F103RB_Origin_CubeIDE\Rover_5_F103RB_Origin_CubeIDE\Robot3_F103RB_origin\STM32F103RBTX_FLASH.ld" --specs=nosys.specs -Wl,-Map="Robot3_F103RB_origin.map" -Wl,--gc-sections -static --specs=nano.specs -mfloat-abi=soft -mthumb -Wl,--start-group -lc -lm -Wl,--end-group
Finished building target: Robot3_F103RB_origin.elf
 
arm-none-eabi-size   Robot3_F103RB_origin.elf 
arm-none-eabi-objdump -h -S  Robot3_F103RB_origin.elf  > "Robot3_F103RB_origin.list"
   text	   data	    bss	    dec	    hex	filename
  45120	    124	   2284	  47528	   b9a8	Robot3_F103RB_origin.elf
Finished building: default.size.stdout
 
Finished building: Robot3_F103RB_origin.list
 
17:47:31 **** Incremental Build of configuration Debug for project Robot3_F103RB_origin ****
make -j8 all 
arm-none-eabi-size   Robot3_F103RB_origin.elf 
   text	   data	    bss	    dec	    hex	filename
  45120	    124	   2284	  47528	   b9a8	Robot3_F103RB_origin.elf
Finished building: default.size.stdout
 
18:09:14 **** Incremental Build of configuration Debug for project Robot3_F103RB_origin ****
make -j8 all 
arm-none-eabi-size   Robot3_F103RB_origin.elf 
   text	   data	    bss	    dec	    hex	filename
  45120	    124	   2284	  47528	   b9a8	Robot3_F103RB_origin.elf
Finished building: default.size.stdout
 
18:10:07 **** Incremental Build of configuration Debug for project Robot3_F103RB_origin ****
make -j8 all 
arm-none-eabi-size   Robot3_F103RB_origin.elf 
   text	   data	    bss	    dec	    hex	filename
  45120	    124	   2284	  47528	   b9a8	Robot3_F103RB_origin.elf
Finished building: default.size.stdout
 
18:10:31 **** Incremental Build of configuration Debug for project Robot3_F103RB_origin ****
make -j8 all 
arm-none-eabi-size   Robot3_F103RB_origin.elf 
   text	   data	    bss	    dec	    hex	filename
  45120	    124	   2284	  47528	   b9a8	Robot3_F103RB_origin.elf
Finished building: default.size.stdout
 
18:27:09 **** Incremental Build of configuration Debug for project Robot3_F103RB_origin ****
make -j8 all 
arm-none-eabi-size   Robot3_F103RB_origin.elf 
   text	   data	    bss	    dec	    hex	filename
  45120	    124	   2284	  47528	   b9a8	Robot3_F103RB_origin.elf
Finished building: default.size.stdout
 
18:27:58 **** Incremental Build of configuration Debug for project Robot3_F103RB_origin ****
make -j8 all 
arm-none-eabi-size   Robot3_F103RB_origin.elf 
   text	   data	    bss	    dec	    hex	filename
  45120	    124	   2284	  47528	   b9a8	Robot3_F103RB_origin.elf
Finished building: default.size.stdout
 
18:28:12 **** Incremental Build of configuration Debug for project Robot3_F103RB_origin ****
make -j8 all 
arm-none-eabi-size   Robot3_F103RB_origin.elf 
   text	   data	    bss	    dec	    hex	filename
  45120	    124	   2284	  47528	   b9a8	Robot3_F103RB_origin.elf
Finished building: default.size.stdout
 
18:36:47 **** Incremental Build of configuration Debug for project Robot3_F103RB_origin ****
make -j8 all 
arm-none-eabi-gcc "../Core/Src/main.c" -mcpu=cortex-m3 -std=gnu11 -g3 -DUSE_HAL_DRIVER -DSTM32F103xB -DDEBUG -c -I../Core/Inc -I../Drivers/STM32F1xx_HAL_Driver/Inc -I../Drivers/STM32F1xx_HAL_Driver/Inc/Legacy -I../Drivers/CMSIS/Device/ST/STM32F1xx/Include -I../Drivers/CMSIS/Include -O0 -ffunction-sections -fdata-sections -Wall -fstack-usage -MMD -MP -MF"Core/Src/main.d" -MT"Core/Src/main.o" --specs=nano.specs -mfloat-abi=soft -mthumb -o "Core/Src/main.o"
../Core/Src/main.c: In function 'main':
../Core/Src/main.c:242:35: warning: passing argument 2 of 'HAL_UART_Receive_IT' from incompatible pointer type [-Wincompatible-pointer-types]
  242 |      HAL_UART_Receive_IT(&huart1, Xbee_RX,8);
      |                                   ^~~~~~~
      |                                   |
      |                                   uint16_t * {aka short unsigned int *}
In file included from ../Core/Inc/stm32f1xx_hal_conf.h:337,
                 from ../Drivers/STM32F1xx_HAL_Driver/Inc/stm32f1xx_hal.h:30,
                 from ../Core/Inc/main.h:31,
                 from ../Core/Src/main.c:21:
../Drivers/STM32F1xx_HAL_Driver/Inc/stm32f1xx_hal_uart.h:703:75: note: expected 'uint8_t *' {aka 'unsigned char *'} but argument is of type 'uint16_t *' {aka 'short unsigned int *'}
  703 | HAL_StatusTypeDef HAL_UART_Receive_IT(UART_HandleTypeDef *huart, uint8_t *pData, uint16_t Size);
      |                                                                  ~~~~~~~~~^~~~~
../Core/Src/main.c: In function 'Gestion_Commandes':
../Core/Src/main.c:341:5: warning: enumeration value 'PARK' not handled in switch [-Wswitch]
  341 |     switch (Etat) {
      |     ^~~~~~
../Core/Src/main.c:406:5: warning: enumeration value 'PARK' not handled in switch [-Wswitch]
  406 |     switch (Etat) {
      |     ^~~~~~
../Core/Src/main.c:471:5: warning: enumeration value 'PARK' not handled in switch [-Wswitch]
  471 |     switch (Etat) {
      |     ^~~~~~
../Core/Src/main.c:536:5: warning: enumeration value 'PARK' not handled in switch [-Wswitch]
  536 |     switch (Etat) {
      |     ^~~~~~
../Core/Src/main.c:602:5: warning: enumeration value 'AV1' not handled in switch [-Wswitch]
  602 |     switch (Etat) {
      |     ^~~~~~
../Core/Src/main.c:602:5: warning: enumeration value 'AV2' not handled in switch [-Wswitch]
../Core/Src/main.c:602:5: warning: enumeration value 'AV3' not handled in switch [-Wswitch]
../Core/Src/main.c:602:5: warning: enumeration value 'RV1' not handled in switch [-Wswitch]
../Core/Src/main.c:602:5: warning: enumeration value 'RV2' not handled in switch [-Wswitch]
../Core/Src/main.c:602:5: warning: enumeration value 'RV3' not handled in switch [-Wswitch]
../Core/Src/main.c:602:5: warning: enumeration value 'DV1' not handled in switch [-Wswitch]
../Core/Src/main.c:602:5: warning: enumeration value 'DV2' not handled in switch [-Wswitch]
../Core/Src/main.c:602:5: warning: enumeration value 'DV3' not handled in switch [-Wswitch]
../Core/Src/main.c:602:5: warning: enumeration value 'GV1' not handled in switch [-Wswitch]
../Core/Src/main.c:602:5: warning: enumeration value 'GV2' not handled in switch [-Wswitch]
../Core/Src/main.c:602:5: warning: enumeration value 'GV3' not handled in switch [-Wswitch]
../Core/Src/main.c:602:5: warning: enumeration value 'PARK' not handled in switch [-Wswitch]
../Core/Src/main.c:602:5: warning: enumeration value 'Att_PARK' not handled in switch [-Wswitch]
../Core/Src/main.c:616:5: warning: enumeration value 'AV1' not handled in switch [-Wswitch]
  616 |     switch (Etat) {
      |     ^~~~~~
../Core/Src/main.c:616:5: warning: enumeration value 'AV2' not handled in switch [-Wswitch]
../Core/Src/main.c:616:5: warning: enumeration value 'AV3' not handled in switch [-Wswitch]
../Core/Src/main.c:616:5: warning: enumeration value 'RV1' not handled in switch [-Wswitch]
../Core/Src/main.c:616:5: warning: enumeration value 'RV2' not handled in switch [-Wswitch]
../Core/Src/main.c:616:5: warning: enumeration value 'RV3' not handled in switch [-Wswitch]
../Core/Src/main.c:616:5: warning: enumeration value 'DV1' not handled in switch [-Wswitch]
../Core/Src/main.c:616:5: warning: enumeration value 'DV2' not handled in switch [-Wswitch]
../Core/Src/main.c:616:5: warning: enumeration value 'DV3' not handled in switch [-Wswitch]
../Core/Src/main.c:616:5: warning: enumeration value 'GV1' not handled in switch [-Wswitch]
../Core/Src/main.c:616:5: warning: enumeration value 'GV2' not handled in switch [-Wswitch]
../Core/Src/main.c:616:5: warning: enumeration value 'GV3' not handled in switch [-Wswitch]
../Core/Src/main.c:616:5: warning: enumeration value 'PARK' not handled in switch [-Wswitch]
../Core/Src/main.c:616:5: warning: enumeration value 'Att_PARK' not handled in switch [-Wswitch]
../Core/Src/main.c: In function 'ACS':
../Core/Src/main.c:655:14: warning: comparison between 'volatile enum MODE' and 'enum ETAT' [-Wenum-compare]
  655 |    if ( Mode == ACTIF || Mode == Park || Mode == Att_Park )
      |              ^~
../Core/Src/main.c: In function 'regulateur':
../Core/Src/main.c:745:12: warning: comparison between 'volatile enum MODE' and 'enum ETAT' [-Wenum-compare]
  745 |   if (Mode == ACTIF || Mode== Park || Mode== Att_Park)
      |            ^~
../Core/Src/main.c: In function 'Pilotage_Auto':
../Core/Src/main.c:837:5: warning: enumeration value 'SLEEP' not handled in switch [-Wswitch]
  837 |     switch (Mode){
      |     ^~~~~~
../Core/Src/main.c:837:5: warning: enumeration value 'ACTIF' not handled in switch [-Wswitch]
../Core/Src/main.c:854:5: warning: enumeration value 'EnvoyerCoord' not handled in switch [-Wswitch]
  854 |     switch (Sous_Etat){
      |     ^~~~~~
../Core/Src/main.c:854:5: warning: enumeration value 'AttenteAck' not handled in switch [-Wswitch]
../Core/Src/main.c:854:5: warning: enumeration value 'AttenteReply' not handled in switch [-Wswitch]
../Core/Src/main.c:854:5: warning: enumeration value 'calc_xyz' not handled in switch [-Wswitch]
../Core/Src/main.c:854:5: warning: enumeration value 'phase1' not handled in switch [-Wswitch]
../Core/Src/main.c:854:5: warning: enumeration value 'phase2' not handled in switch [-Wswitch]
../Core/Src/main.c:854:5: warning: enumeration value 'phase3' not handled in switch [-Wswitch]
../Core/Src/main.c:854:5: warning: enumeration value 'DemandeAdd' not handled in switch [-Wswitch]
../Core/Src/main.c:854:5: warning: enumeration value 'EnvoyerAdd' not handled in switch [-Wswitch]
../Core/Src/main.c:854:5: warning: enumeration value 'AttDemAdd' not handled in switch [-Wswitch]
../Core/Src/main.c:854:5: warning: enumeration value 'AttPos' not handled in switch [-Wswitch]
../Core/Src/main.c:911:33: warning: passing argument 2 of 'HAL_UART_Transmit' from incompatible pointer type [-Wincompatible-pointer-types]
  911 |       HAL_UART_Transmit(&huart1,Dem_TX,8,1000);
      |                                 ^~~~~~
      |                                 |
      |                                 uint16_t * {aka short unsigned int *}
In file included from ../Core/Inc/stm32f1xx_hal_conf.h:337,
                 from ../Drivers/STM32F1xx_HAL_Driver/Inc/stm32f1xx_hal.h:30,
                 from ../Core/Inc/main.h:31,
                 from ../Core/Src/main.c:21:
../Drivers/STM32F1xx_HAL_Driver/Inc/stm32f1xx_hal_uart.h:700:73: note: expected 'uint8_t *' {aka 'unsigned char *'} but argument is of type 'uint16_t *' {aka 'short unsigned int *'}
  700 | HAL_StatusTypeDef HAL_UART_Transmit(UART_HandleTypeDef *huart, uint8_t *pData, uint16_t Size, uint32_t Timeout);
      |                                                                ~~~~~~~~~^~~~~
../Core/Src/main.c:935:34: warning: passing argument 2 of 'HAL_UART_Transmit' from incompatible pointer type [-Wincompatible-pointer-types]
  935 |        HAL_UART_Transmit(&huart1,Coord_TX,8,1000);
      |                                  ^~~~~~~~
      |                                  |
      |                                  uint16_t * {aka short unsigned int *}
In file included from ../Core/Inc/stm32f1xx_hal_conf.h:337,
                 from ../Drivers/STM32F1xx_HAL_Driver/Inc/stm32f1xx_hal.h:30,
                 from ../Core/Inc/main.h:31,
                 from ../Core/Src/main.c:21:
../Drivers/STM32F1xx_HAL_Driver/Inc/stm32f1xx_hal_uart.h:700:73: note: expected 'uint8_t *' {aka 'unsigned char *'} but argument is of type 'uint16_t *' {aka 'short unsigned int *'}
  700 | HAL_StatusTypeDef HAL_UART_Transmit(UART_HandleTypeDef *huart, uint8_t *pData, uint16_t Size, uint32_t Timeout);
      |                                                                ~~~~~~~~~^~~~~
../Core/Src/main.c:907:5: warning: enumeration value 'AttenteAck' not handled in switch [-Wswitch]
  907 |     switch (Sous_Etat) {
      |     ^~~~~~
../Core/Src/main.c:907:5: warning: enumeration value 'tourne_servo' not handled in switch [-Wswitch]
../Core/Src/main.c:907:5: warning: enumeration value 'get_Dist' not handled in switch [-Wswitch]
../Core/Src/main.c:907:5: warning: enumeration value 'calc_xyz' not handled in switch [-Wswitch]
../Core/Src/main.c:907:5: warning: enumeration value 'phase1' not handled in switch [-Wswitch]
../Core/Src/main.c:907:5: warning: enumeration value 'phase2' not handled in switch [-Wswitch]
../Core/Src/main.c:907:5: warning: enumeration value 'phase3' not handled in switch [-Wswitch]
../Core/Src/main.c:907:5: warning: enumeration value 'EnvoyerAdd' not handled in switch [-Wswitch]
../Core/Src/main.c:907:5: warning: enumeration value 'AttDemAdd' not handled in switch [-Wswitch]
../Core/Src/main.c:907:5: warning: enumeration value 'AttPos' not handled in switch [-Wswitch]
../Core/Src/main.c:966:34: warning: passing argument 2 of 'HAL_UART_Transmit' from incompatible pointer type [-Wincompatible-pointer-types]
  966 |        HAL_UART_Transmit(&huart1,Add_TX,8,1000);
      |                                  ^~~~~~
      |                                  |
      |                                  uint16_t * {aka short unsigned int *}
In file included from ../Core/Inc/stm32f1xx_hal_conf.h:337,
                 from ../Drivers/STM32F1xx_HAL_Driver/Inc/stm32f1xx_hal.h:30,
                 from ../Core/Inc/main.h:31,
                 from ../Core/Src/main.c:21:
../Drivers/STM32F1xx_HAL_Driver/Inc/stm32f1xx_hal_uart.h:700:73: note: expected 'uint8_t *' {aka 'unsigned char *'} but argument is of type 'uint16_t *' {aka 'short unsigned int *'}
  700 | HAL_StatusTypeDef HAL_UART_Transmit(UART_HandleTypeDef *huart, uint8_t *pData, uint16_t Size, uint32_t Timeout);
      |                                                                ~~~~~~~~~^~~~~
../Core/Src/main.c:950:5: warning: enumeration value 'EnvoyerCoord' not handled in switch [-Wswitch]
  950 |     switch (Sous_Etat) {
      |     ^~~~~~
../Core/Src/main.c:950:5: warning: enumeration value 'AttenteReply' not handled in switch [-Wswitch]
../Core/Src/main.c:950:5: warning: enumeration value 'tourne_servo' not handled in switch [-Wswitch]
../Core/Src/main.c:950:5: warning: enumeration value 'get_Dist' not handled in switch [-Wswitch]
../Core/Src/main.c:950:5: warning: enumeration value 'calc_xyz' not handled in switch [-Wswitch]
../Core/Src/main.c:950:5: warning: enumeration value 'DemandeAdd' not handled in switch [-Wswitch]
../Core/Src/main.c:950:5: warning: enumeration value 'AttPos' not handled in switch [-Wswitch]
../Core/Src/main.c: In function 'HAL_UART_RxCpltCallback':
../Core/Src/main.c:1253:32: warning: passing argument 2 of 'HAL_UART_Receive_IT' from incompatible pointer type [-Wincompatible-pointer-types]
 1253 |   HAL_UART_Receive_IT(&huart1, Xbee_RX, 8);
      |                                ^~~~~~~
      |                                |
      |                                uint16_t * {aka short unsigned int *}
In file included from ../Core/Inc/stm32f1xx_hal_conf.h:337,
                 from ../Drivers/STM32F1xx_HAL_Driver/Inc/stm32f1xx_hal.h:30,
                 from ../Core/Inc/main.h:31,
                 from ../Core/Src/main.c:21:
../Drivers/STM32F1xx_HAL_Driver/Inc/stm32f1xx_hal_uart.h:703:75: note: expected 'uint8_t *' {aka 'unsigned char *'} but argument is of type 'uint16_t *' {aka 'short unsigned int *'}
  703 | HAL_StatusTypeDef HAL_UART_Receive_IT(UART_HandleTypeDef *huart, uint8_t *pData, uint16_t Size);
      |                                                                  ~~~~~~~~~^~~~~
arm-none-eabi-gcc -o "Robot3_F103RB_origin.elf" @"objects.list"   -mcpu=cortex-m3 -T"C:\ROBOT3\New\Rover_5_F103RB_Origin_CubeIDE\Rover_5_F103RB_Origin_CubeIDE\Robot3_F103RB_origin\STM32F103RBTX_FLASH.ld" --specs=nosys.specs -Wl,-Map="Robot3_F103RB_origin.map" -Wl,--gc-sections -static --specs=nano.specs -mfloat-abi=soft -mthumb -Wl,--start-group -lc -lm -Wl,--end-group
Finished building target: Robot3_F103RB_origin.elf
 
arm-none-eabi-size   Robot3_F103RB_origin.elf 
arm-none-eabi-objdump -h -S  Robot3_F103RB_origin.elf  > "Robot3_F103RB_origin.list"
   text	   data	    bss	    dec	    hex	filename
  45120	    124	   2284	  47528	   b9a8	Robot3_F103RB_origin.elf
Finished building: default.size.stdout
 
Finished building: Robot3_F103RB_origin.list
 
18:38:45 **** Incremental Build of configuration Debug for project Robot3_F103RB_origin ****
make -j8 all 
arm-none-eabi-size   Robot3_F103RB_origin.elf 
   text	   data	    bss	    dec	    hex	filename
  45120	    124	   2284	  47528	   b9a8	Robot3_F103RB_origin.elf
Finished building: default.size.stdout
 
18:23:44 **** Incremental Build of configuration Debug for project Robot3_F103RB_origin ****
make -j8 all 
arm-none-eabi-gcc "../Core/Src/main.c" -mcpu=cortex-m3 -std=gnu11 -g3 -DUSE_HAL_DRIVER -DSTM32F103xB -DDEBUG -c -I../Core/Inc -I../Drivers/STM32F1xx_HAL_Driver/Inc -I../Drivers/STM32F1xx_HAL_Driver/Inc/Legacy -I../Drivers/CMSIS/Device/ST/STM32F1xx/Include -I../Drivers/CMSIS/Include -O0 -ffunction-sections -fdata-sections -Wall -fstack-usage -MMD -MP -MF"Core/Src/main.d" -MT"Core/Src/main.o" --specs=nano.specs -mfloat-abi=soft -mthumb -o "Core/Src/main.o"
../Core/Src/main.c: In function 'main':
../Core/Src/main.c:242:35: warning: passing argument 2 of 'HAL_UART_Receive_IT' from incompatible pointer type [-Wincompatible-pointer-types]
  242 |      HAL_UART_Receive_IT(&huart1, Xbee_RX,8); // 8bytes, Xbee sur uart1
      |                                   ^~~~~~~
      |                                   |
      |                                   uint16_t * {aka short unsigned int *}
In file included from ../Core/Inc/stm32f1xx_hal_conf.h:337,
                 from ../Drivers/STM32F1xx_HAL_Driver/Inc/stm32f1xx_hal.h:30,
                 from ../Core/Inc/main.h:31,
                 from ../Core/Src/main.c:21:
../Drivers/STM32F1xx_HAL_Driver/Inc/stm32f1xx_hal_uart.h:703:75: note: expected 'uint8_t *' {aka 'unsigned char *'} but argument is of type 'uint16_t *' {aka 'short unsigned int *'}
  703 | HAL_StatusTypeDef HAL_UART_Receive_IT(UART_HandleTypeDef *huart, uint8_t *pData, uint16_t Size);
      |                                                                  ~~~~~~~~~^~~~~
../Core/Src/main.c: In function 'Gestion_Commandes':
../Core/Src/main.c:341:5: warning: enumeration value 'PARK' not handled in switch [-Wswitch]
  341 |     switch (Etat) {
      |     ^~~~~~
../Core/Src/main.c:406:5: warning: enumeration value 'PARK' not handled in switch [-Wswitch]
  406 |     switch (Etat) {
      |     ^~~~~~
../Core/Src/main.c:471:5: warning: enumeration value 'PARK' not handled in switch [-Wswitch]
  471 |     switch (Etat) {
      |     ^~~~~~
../Core/Src/main.c:536:5: warning: enumeration value 'PARK' not handled in switch [-Wswitch]
  536 |     switch (Etat) {
      |     ^~~~~~
../Core/Src/main.c:602:5: warning: enumeration value 'AV1' not handled in switch [-Wswitch]
  602 |     switch (Etat) {
      |     ^~~~~~
../Core/Src/main.c:602:5: warning: enumeration value 'AV2' not handled in switch [-Wswitch]
../Core/Src/main.c:602:5: warning: enumeration value 'AV3' not handled in switch [-Wswitch]
../Core/Src/main.c:602:5: warning: enumeration value 'RV1' not handled in switch [-Wswitch]
../Core/Src/main.c:602:5: warning: enumeration value 'RV2' not handled in switch [-Wswitch]
../Core/Src/main.c:602:5: warning: enumeration value 'RV3' not handled in switch [-Wswitch]
../Core/Src/main.c:602:5: warning: enumeration value 'DV1' not handled in switch [-Wswitch]
../Core/Src/main.c:602:5: warning: enumeration value 'DV2' not handled in switch [-Wswitch]
../Core/Src/main.c:602:5: warning: enumeration value 'DV3' not handled in switch [-Wswitch]
../Core/Src/main.c:602:5: warning: enumeration value 'GV1' not handled in switch [-Wswitch]
../Core/Src/main.c:602:5: warning: enumeration value 'GV2' not handled in switch [-Wswitch]
../Core/Src/main.c:602:5: warning: enumeration value 'GV3' not handled in switch [-Wswitch]
../Core/Src/main.c:602:5: warning: enumeration value 'PARK' not handled in switch [-Wswitch]
../Core/Src/main.c:602:5: warning: enumeration value 'Att_PARK' not handled in switch [-Wswitch]
../Core/Src/main.c:616:5: warning: enumeration value 'AV1' not handled in switch [-Wswitch]
  616 |     switch (Etat) {
      |     ^~~~~~
../Core/Src/main.c:616:5: warning: enumeration value 'AV2' not handled in switch [-Wswitch]
../Core/Src/main.c:616:5: warning: enumeration value 'AV3' not handled in switch [-Wswitch]
../Core/Src/main.c:616:5: warning: enumeration value 'RV1' not handled in switch [-Wswitch]
../Core/Src/main.c:616:5: warning: enumeration value 'RV2' not handled in switch [-Wswitch]
../Core/Src/main.c:616:5: warning: enumeration value 'RV3' not handled in switch [-Wswitch]
../Core/Src/main.c:616:5: warning: enumeration value 'DV1' not handled in switch [-Wswitch]
../Core/Src/main.c:616:5: warning: enumeration value 'DV2' not handled in switch [-Wswitch]
../Core/Src/main.c:616:5: warning: enumeration value 'DV3' not handled in switch [-Wswitch]
../Core/Src/main.c:616:5: warning: enumeration value 'GV1' not handled in switch [-Wswitch]
../Core/Src/main.c:616:5: warning: enumeration value 'GV2' not handled in switch [-Wswitch]
../Core/Src/main.c:616:5: warning: enumeration value 'GV3' not handled in switch [-Wswitch]
../Core/Src/main.c:616:5: warning: enumeration value 'PARK' not handled in switch [-Wswitch]
../Core/Src/main.c:616:5: warning: enumeration value 'Att_PARK' not handled in switch [-Wswitch]
../Core/Src/main.c: In function 'ACS':
../Core/Src/main.c:655:14: warning: comparison between 'volatile enum MODE' and 'enum ETAT' [-Wenum-compare]
  655 |    if ( Mode == ACTIF || Mode == Park || Mode == Att_Park )
      |              ^~
../Core/Src/main.c: In function 'regulateur':
../Core/Src/main.c:745:12: warning: comparison between 'volatile enum MODE' and 'enum ETAT' [-Wenum-compare]
  745 |   if (Mode == ACTIF || Mode== Park || Mode== Att_Park)
      |            ^~
../Core/Src/main.c: In function 'Pilotage_Auto':
../Core/Src/main.c:837:5: warning: enumeration value 'SLEEP' not handled in switch [-Wswitch]
  837 |     switch (Mode){
      |     ^~~~~~
../Core/Src/main.c:837:5: warning: enumeration value 'ACTIF' not handled in switch [-Wswitch]
../Core/Src/main.c:854:5: warning: enumeration value 'EnvoyerCoord' not handled in switch [-Wswitch]
  854 |     switch (Sous_Etat){
      |     ^~~~~~
../Core/Src/main.c:854:5: warning: enumeration value 'AttenteAck' not handled in switch [-Wswitch]
../Core/Src/main.c:854:5: warning: enumeration value 'AttenteReply' not handled in switch [-Wswitch]
../Core/Src/main.c:854:5: warning: enumeration value 'calc_xyz' not handled in switch [-Wswitch]
../Core/Src/main.c:854:5: warning: enumeration value 'phase1' not handled in switch [-Wswitch]
../Core/Src/main.c:854:5: warning: enumeration value 'phase2' not handled in switch [-Wswitch]
../Core/Src/main.c:854:5: warning: enumeration value 'phase3' not handled in switch [-Wswitch]
../Core/Src/main.c:854:5: warning: enumeration value 'DemandeAdd' not handled in switch [-Wswitch]
../Core/Src/main.c:854:5: warning: enumeration value 'EnvoyerAdd' not handled in switch [-Wswitch]
../Core/Src/main.c:854:5: warning: enumeration value 'AttDemAdd' not handled in switch [-Wswitch]
../Core/Src/main.c:854:5: warning: enumeration value 'AttPos' not handled in switch [-Wswitch]
../Core/Src/main.c:911:33: warning: passing argument 2 of 'HAL_UART_Transmit' from incompatible pointer type [-Wincompatible-pointer-types]
  911 |       HAL_UART_Transmit(&huart1,Dem_TX,8,1000); //1s pour TimeOut
      |                                 ^~~~~~
      |                                 |
      |                                 uint16_t * {aka short unsigned int *}
In file included from ../Core/Inc/stm32f1xx_hal_conf.h:337,
                 from ../Drivers/STM32F1xx_HAL_Driver/Inc/stm32f1xx_hal.h:30,
                 from ../Core/Inc/main.h:31,
                 from ../Core/Src/main.c:21:
../Drivers/STM32F1xx_HAL_Driver/Inc/stm32f1xx_hal_uart.h:700:73: note: expected 'uint8_t *' {aka 'unsigned char *'} but argument is of type 'uint16_t *' {aka 'short unsigned int *'}
  700 | HAL_StatusTypeDef HAL_UART_Transmit(UART_HandleTypeDef *huart, uint8_t *pData, uint16_t Size, uint32_t Timeout);
      |                                                                ~~~~~~~~~^~~~~
../Core/Src/main.c:935:34: warning: passing argument 2 of 'HAL_UART_Transmit' from incompatible pointer type [-Wincompatible-pointer-types]
  935 |        HAL_UART_Transmit(&huart1,Coord_TX,8,1000);
      |                                  ^~~~~~~~
      |                                  |
      |                                  uint16_t * {aka short unsigned int *}
In file included from ../Core/Inc/stm32f1xx_hal_conf.h:337,
                 from ../Drivers/STM32F1xx_HAL_Driver/Inc/stm32f1xx_hal.h:30,
                 from ../Core/Inc/main.h:31,
                 from ../Core/Src/main.c:21:
../Drivers/STM32F1xx_HAL_Driver/Inc/stm32f1xx_hal_uart.h:700:73: note: expected 'uint8_t *' {aka 'unsigned char *'} but argument is of type 'uint16_t *' {aka 'short unsigned int *'}
  700 | HAL_StatusTypeDef HAL_UART_Transmit(UART_HandleTypeDef *huart, uint8_t *pData, uint16_t Size, uint32_t Timeout);
      |                                                                ~~~~~~~~~^~~~~
../Core/Src/main.c:907:5: warning: enumeration value 'AttenteAck' not handled in switch [-Wswitch]
  907 |     switch (Sous_Etat) {
      |     ^~~~~~
../Core/Src/main.c:907:5: warning: enumeration value 'tourne_servo' not handled in switch [-Wswitch]
../Core/Src/main.c:907:5: warning: enumeration value 'get_Dist' not handled in switch [-Wswitch]
../Core/Src/main.c:907:5: warning: enumeration value 'calc_xyz' not handled in switch [-Wswitch]
../Core/Src/main.c:907:5: warning: enumeration value 'phase1' not handled in switch [-Wswitch]
../Core/Src/main.c:907:5: warning: enumeration value 'phase2' not handled in switch [-Wswitch]
../Core/Src/main.c:907:5: warning: enumeration value 'phase3' not handled in switch [-Wswitch]
../Core/Src/main.c:907:5: warning: enumeration value 'EnvoyerAdd' not handled in switch [-Wswitch]
../Core/Src/main.c:907:5: warning: enumeration value 'AttDemAdd' not handled in switch [-Wswitch]
../Core/Src/main.c:907:5: warning: enumeration value 'AttPos' not handled in switch [-Wswitch]
../Core/Src/main.c:966:34: warning: passing argument 2 of 'HAL_UART_Transmit' from incompatible pointer type [-Wincompatible-pointer-types]
  966 |        HAL_UART_Transmit(&huart1,Add_TX,8,1000);
      |                                  ^~~~~~
      |                                  |
      |                                  uint16_t * {aka short unsigned int *}
In file included from ../Core/Inc/stm32f1xx_hal_conf.h:337,
                 from ../Drivers/STM32F1xx_HAL_Driver/Inc/stm32f1xx_hal.h:30,
                 from ../Core/Inc/main.h:31,
                 from ../Core/Src/main.c:21:
../Drivers/STM32F1xx_HAL_Driver/Inc/stm32f1xx_hal_uart.h:700:73: note: expected 'uint8_t *' {aka 'unsigned char *'} but argument is of type 'uint16_t *' {aka 'short unsigned int *'}
  700 | HAL_StatusTypeDef HAL_UART_Transmit(UART_HandleTypeDef *huart, uint8_t *pData, uint16_t Size, uint32_t Timeout);
      |                                                                ~~~~~~~~~^~~~~
../Core/Src/main.c:950:5: warning: enumeration value 'EnvoyerCoord' not handled in switch [-Wswitch]
  950 |     switch (Sous_Etat) {
      |     ^~~~~~
../Core/Src/main.c:950:5: warning: enumeration value 'AttenteReply' not handled in switch [-Wswitch]
../Core/Src/main.c:950:5: warning: enumeration value 'tourne_servo' not handled in switch [-Wswitch]
../Core/Src/main.c:950:5: warning: enumeration value 'get_Dist' not handled in switch [-Wswitch]
../Core/Src/main.c:950:5: warning: enumeration value 'calc_xyz' not handled in switch [-Wswitch]
../Core/Src/main.c:950:5: warning: enumeration value 'DemandeAdd' not handled in switch [-Wswitch]
../Core/Src/main.c:950:5: warning: enumeration value 'AttPos' not handled in switch [-Wswitch]
../Core/Src/main.c: In function 'HAL_UART_RxCpltCallback':
../Core/Src/main.c:1253:32: warning: passing argument 2 of 'HAL_UART_Receive_IT' from incompatible pointer type [-Wincompatible-pointer-types]
 1253 |   HAL_UART_Receive_IT(&huart1, Xbee_RX, 8);
      |                                ^~~~~~~
      |                                |
      |                                uint16_t * {aka short unsigned int *}
In file included from ../Core/Inc/stm32f1xx_hal_conf.h:337,
                 from ../Drivers/STM32F1xx_HAL_Driver/Inc/stm32f1xx_hal.h:30,
                 from ../Core/Inc/main.h:31,
                 from ../Core/Src/main.c:21:
../Drivers/STM32F1xx_HAL_Driver/Inc/stm32f1xx_hal_uart.h:703:75: note: expected 'uint8_t *' {aka 'unsigned char *'} but argument is of type 'uint16_t *' {aka 'short unsigned int *'}
  703 | HAL_StatusTypeDef HAL_UART_Receive_IT(UART_HandleTypeDef *huart, uint8_t *pData, uint16_t Size);
      |                                                                  ~~~~~~~~~^~~~~
arm-none-eabi-gcc -o "Robot3_F103RB_origin.elf" @"objects.list"   -mcpu=cortex-m3 -T"C:\ROBOT3\New\Rover_5_F103RB_Origin_CubeIDE\Rover_5_F103RB_Origin_CubeIDE\Robot3_F103RB_origin\STM32F103RBTX_FLASH.ld" --specs=nosys.specs -Wl,-Map="Robot3_F103RB_origin.map" -Wl,--gc-sections -static --specs=nano.specs -mfloat-abi=soft -mthumb -Wl,--start-group -lc -lm -Wl,--end-group
Finished building target: Robot3_F103RB_origin.elf
 
arm-none-eabi-size   Robot3_F103RB_origin.elf 
arm-none-eabi-objdump -h -S  Robot3_F103RB_origin.elf  > "Robot3_F103RB_origin.list"
   text	   data	    bss	    dec	    hex	filename
  45120	    124	   2284	  47528	   b9a8	Robot3_F103RB_origin.elf
Finished building: default.size.stdout
 
Finished building: Robot3_F103RB_origin.list
 
18:28:53 **** Incremental Build of configuration Debug for project Robot3_F103RB_origin ****
make -j8 all 
arm-none-eabi-gcc "../Core/Src/main.c" -mcpu=cortex-m3 -std=gnu11 -g3 -DUSE_HAL_DRIVER -DSTM32F103xB -DDEBUG -c -I../Core/Inc -I../Drivers/STM32F1xx_HAL_Driver/Inc -I../Drivers/STM32F1xx_HAL_Driver/Inc/Legacy -I../Drivers/CMSIS/Device/ST/STM32F1xx/Include -I../Drivers/CMSIS/Include -O0 -ffunction-sections -fdata-sections -Wall -fstack-usage -MMD -MP -MF"Core/Src/main.d" -MT"Core/Src/main.o" --specs=nano.specs -mfloat-abi=soft -mthumb -o "Core/Src/main.o"
../Core/Src/main.c: In function 'main':
../Core/Src/main.c:242:35: warning: passing argument 2 of 'HAL_UART_Receive_IT' from incompatible pointer type [-Wincompatible-pointer-types]
  242 |      HAL_UART_Receive_IT(&huart1, Xbee_RX,8); // 8bytes, Xbee sur uart1
      |                                   ^~~~~~~
      |                                   |
      |                                   uint16_t * {aka short unsigned int *}
In file included from ../Core/Inc/stm32f1xx_hal_conf.h:337,
                 from ../Drivers/STM32F1xx_HAL_Driver/Inc/stm32f1xx_hal.h:30,
                 from ../Core/Inc/main.h:31,
                 from ../Core/Src/main.c:21:
../Drivers/STM32F1xx_HAL_Driver/Inc/stm32f1xx_hal_uart.h:703:75: note: expected 'uint8_t *' {aka 'unsigned char *'} but argument is of type 'uint16_t *' {aka 'short unsigned int *'}
  703 | HAL_StatusTypeDef HAL_UART_Receive_IT(UART_HandleTypeDef *huart, uint8_t *pData, uint16_t Size);
      |                                                                  ~~~~~~~~~^~~~~
../Core/Src/main.c: In function 'Gestion_Commandes':
../Core/Src/main.c:341:5: warning: enumeration value 'PARK' not handled in switch [-Wswitch]
  341 |     switch (Etat) {
      |     ^~~~~~
../Core/Src/main.c:406:5: warning: enumeration value 'PARK' not handled in switch [-Wswitch]
  406 |     switch (Etat) {
      |     ^~~~~~
../Core/Src/main.c:471:5: warning: enumeration value 'PARK' not handled in switch [-Wswitch]
  471 |     switch (Etat) {
      |     ^~~~~~
../Core/Src/main.c:536:5: warning: enumeration value 'PARK' not handled in switch [-Wswitch]
  536 |     switch (Etat) {
      |     ^~~~~~
../Core/Src/main.c:602:5: warning: enumeration value 'AV1' not handled in switch [-Wswitch]
  602 |     switch (Etat) {
      |     ^~~~~~
../Core/Src/main.c:602:5: warning: enumeration value 'AV2' not handled in switch [-Wswitch]
../Core/Src/main.c:602:5: warning: enumeration value 'AV3' not handled in switch [-Wswitch]
../Core/Src/main.c:602:5: warning: enumeration value 'RV1' not handled in switch [-Wswitch]
../Core/Src/main.c:602:5: warning: enumeration value 'RV2' not handled in switch [-Wswitch]
../Core/Src/main.c:602:5: warning: enumeration value 'RV3' not handled in switch [-Wswitch]
../Core/Src/main.c:602:5: warning: enumeration value 'DV1' not handled in switch [-Wswitch]
../Core/Src/main.c:602:5: warning: enumeration value 'DV2' not handled in switch [-Wswitch]
../Core/Src/main.c:602:5: warning: enumeration value 'DV3' not handled in switch [-Wswitch]
../Core/Src/main.c:602:5: warning: enumeration value 'GV1' not handled in switch [-Wswitch]
../Core/Src/main.c:602:5: warning: enumeration value 'GV2' not handled in switch [-Wswitch]
../Core/Src/main.c:602:5: warning: enumeration value 'GV3' not handled in switch [-Wswitch]
../Core/Src/main.c:602:5: warning: enumeration value 'PARK' not handled in switch [-Wswitch]
../Core/Src/main.c:602:5: warning: enumeration value 'Att_PARK' not handled in switch [-Wswitch]
../Core/Src/main.c:616:5: warning: enumeration value 'AV1' not handled in switch [-Wswitch]
  616 |     switch (Etat) {
      |     ^~~~~~
../Core/Src/main.c:616:5: warning: enumeration value 'AV2' not handled in switch [-Wswitch]
../Core/Src/main.c:616:5: warning: enumeration value 'AV3' not handled in switch [-Wswitch]
../Core/Src/main.c:616:5: warning: enumeration value 'RV1' not handled in switch [-Wswitch]
../Core/Src/main.c:616:5: warning: enumeration value 'RV2' not handled in switch [-Wswitch]
../Core/Src/main.c:616:5: warning: enumeration value 'RV3' not handled in switch [-Wswitch]
../Core/Src/main.c:616:5: warning: enumeration value 'DV1' not handled in switch [-Wswitch]
../Core/Src/main.c:616:5: warning: enumeration value 'DV2' not handled in switch [-Wswitch]
../Core/Src/main.c:616:5: warning: enumeration value 'DV3' not handled in switch [-Wswitch]
../Core/Src/main.c:616:5: warning: enumeration value 'GV1' not handled in switch [-Wswitch]
../Core/Src/main.c:616:5: warning: enumeration value 'GV2' not handled in switch [-Wswitch]
../Core/Src/main.c:616:5: warning: enumeration value 'GV3' not handled in switch [-Wswitch]
../Core/Src/main.c:616:5: warning: enumeration value 'PARK' not handled in switch [-Wswitch]
../Core/Src/main.c:616:5: warning: enumeration value 'Att_PARK' not handled in switch [-Wswitch]
../Core/Src/main.c: In function 'ACS':
../Core/Src/main.c:655:14: warning: comparison between 'volatile enum MODE' and 'enum ETAT' [-Wenum-compare]
  655 |    if ( Mode == ACTIF || Mode == Park || Mode == Att_Park )
      |              ^~
../Core/Src/main.c: In function 'regulateur':
../Core/Src/main.c:745:12: warning: comparison between 'volatile enum MODE' and 'enum ETAT' [-Wenum-compare]
  745 |   if (Mode == ACTIF || Mode== Park || Mode== Att_Park)
      |            ^~
../Core/Src/main.c: In function 'Pilotage_Auto':
../Core/Src/main.c:837:5: warning: enumeration value 'SLEEP' not handled in switch [-Wswitch]
  837 |     switch (Mode){
      |     ^~~~~~
../Core/Src/main.c:837:5: warning: enumeration value 'ACTIF' not handled in switch [-Wswitch]
../Core/Src/main.c:854:5: warning: enumeration value 'EnvoyerCoord' not handled in switch [-Wswitch]
  854 |     switch (Sous_Etat){
      |     ^~~~~~
../Core/Src/main.c:854:5: warning: enumeration value 'AttenteAck' not handled in switch [-Wswitch]
../Core/Src/main.c:854:5: warning: enumeration value 'AttenteReply' not handled in switch [-Wswitch]
../Core/Src/main.c:854:5: warning: enumeration value 'calc_xyz' not handled in switch [-Wswitch]
../Core/Src/main.c:854:5: warning: enumeration value 'phase1' not handled in switch [-Wswitch]
../Core/Src/main.c:854:5: warning: enumeration value 'phase2' not handled in switch [-Wswitch]
../Core/Src/main.c:854:5: warning: enumeration value 'phase3' not handled in switch [-Wswitch]
../Core/Src/main.c:854:5: warning: enumeration value 'DemandeAdd' not handled in switch [-Wswitch]
../Core/Src/main.c:854:5: warning: enumeration value 'EnvoyerAdd' not handled in switch [-Wswitch]
../Core/Src/main.c:854:5: warning: enumeration value 'AttDemAdd' not handled in switch [-Wswitch]
../Core/Src/main.c:854:5: warning: enumeration value 'AttPos' not handled in switch [-Wswitch]
../Core/Src/main.c:911:33: warning: passing argument 2 of 'HAL_UART_Transmit' from incompatible pointer type [-Wincompatible-pointer-types]
  911 |       HAL_UART_Transmit(&huart1,Dem_TX,8,1000); //1s pour TimeOut
      |                                 ^~~~~~
      |                                 |
      |                                 uint16_t * {aka short unsigned int *}
In file included from ../Core/Inc/stm32f1xx_hal_conf.h:337,
                 from ../Drivers/STM32F1xx_HAL_Driver/Inc/stm32f1xx_hal.h:30,
                 from ../Core/Inc/main.h:31,
                 from ../Core/Src/main.c:21:
../Drivers/STM32F1xx_HAL_Driver/Inc/stm32f1xx_hal_uart.h:700:73: note: expected 'uint8_t *' {aka 'unsigned char *'} but argument is of type 'uint16_t *' {aka 'short unsigned int *'}
  700 | HAL_StatusTypeDef HAL_UART_Transmit(UART_HandleTypeDef *huart, uint8_t *pData, uint16_t Size, uint32_t Timeout);
      |                                                                ~~~~~~~~~^~~~~
../Core/Src/main.c:935:34: warning: passing argument 2 of 'HAL_UART_Transmit' from incompatible pointer type [-Wincompatible-pointer-types]
  935 |        HAL_UART_Transmit(&huart1,Coord_TX,8,1000);
      |                                  ^~~~~~~~
      |                                  |
      |                                  uint16_t * {aka short unsigned int *}
In file included from ../Core/Inc/stm32f1xx_hal_conf.h:337,
                 from ../Drivers/STM32F1xx_HAL_Driver/Inc/stm32f1xx_hal.h:30,
                 from ../Core/Inc/main.h:31,
                 from ../Core/Src/main.c:21:
../Drivers/STM32F1xx_HAL_Driver/Inc/stm32f1xx_hal_uart.h:700:73: note: expected 'uint8_t *' {aka 'unsigned char *'} but argument is of type 'uint16_t *' {aka 'short unsigned int *'}
  700 | HAL_StatusTypeDef HAL_UART_Transmit(UART_HandleTypeDef *huart, uint8_t *pData, uint16_t Size, uint32_t Timeout);
      |                                                                ~~~~~~~~~^~~~~
../Core/Src/main.c:907:5: warning: enumeration value 'AttenteAck' not handled in switch [-Wswitch]
  907 |     switch (Sous_Etat) {
      |     ^~~~~~
../Core/Src/main.c:907:5: warning: enumeration value 'tourne_servo' not handled in switch [-Wswitch]
../Core/Src/main.c:907:5: warning: enumeration value 'get_Dist' not handled in switch [-Wswitch]
../Core/Src/main.c:907:5: warning: enumeration value 'calc_xyz' not handled in switch [-Wswitch]
../Core/Src/main.c:907:5: warning: enumeration value 'phase1' not handled in switch [-Wswitch]
../Core/Src/main.c:907:5: warning: enumeration value 'phase2' not handled in switch [-Wswitch]
../Core/Src/main.c:907:5: warning: enumeration value 'phase3' not handled in switch [-Wswitch]
../Core/Src/main.c:907:5: warning: enumeration value 'EnvoyerAdd' not handled in switch [-Wswitch]
../Core/Src/main.c:907:5: warning: enumeration value 'AttDemAdd' not handled in switch [-Wswitch]
../Core/Src/main.c:907:5: warning: enumeration value 'AttPos' not handled in switch [-Wswitch]
../Core/Src/main.c:966:34: warning: passing argument 2 of 'HAL_UART_Transmit' from incompatible pointer type [-Wincompatible-pointer-types]
  966 |        HAL_UART_Transmit(&huart1,Add_TX,8,1000);
      |                                  ^~~~~~
      |                                  |
      |                                  uint16_t * {aka short unsigned int *}
In file included from ../Core/Inc/stm32f1xx_hal_conf.h:337,
                 from ../Drivers/STM32F1xx_HAL_Driver/Inc/stm32f1xx_hal.h:30,
                 from ../Core/Inc/main.h:31,
                 from ../Core/Src/main.c:21:
../Drivers/STM32F1xx_HAL_Driver/Inc/stm32f1xx_hal_uart.h:700:73: note: expected 'uint8_t *' {aka 'unsigned char *'} but argument is of type 'uint16_t *' {aka 'short unsigned int *'}
  700 | HAL_StatusTypeDef HAL_UART_Transmit(UART_HandleTypeDef *huart, uint8_t *pData, uint16_t Size, uint32_t Timeout);
      |                                                                ~~~~~~~~~^~~~~
../Core/Src/main.c:950:5: warning: enumeration value 'EnvoyerCoord' not handled in switch [-Wswitch]
  950 |     switch (Sous_Etat) {
      |     ^~~~~~
../Core/Src/main.c:950:5: warning: enumeration value 'AttenteReply' not handled in switch [-Wswitch]
../Core/Src/main.c:950:5: warning: enumeration value 'tourne_servo' not handled in switch [-Wswitch]
../Core/Src/main.c:950:5: warning: enumeration value 'get_Dist' not handled in switch [-Wswitch]
../Core/Src/main.c:950:5: warning: enumeration value 'calc_xyz' not handled in switch [-Wswitch]
../Core/Src/main.c:950:5: warning: enumeration value 'DemandeAdd' not handled in switch [-Wswitch]
../Core/Src/main.c:950:5: warning: enumeration value 'AttPos' not handled in switch [-Wswitch]
../Core/Src/main.c: In function 'HAL_UART_RxCpltCallback':
../Core/Src/main.c:1253:32: warning: passing argument 2 of 'HAL_UART_Receive_IT' from incompatible pointer type [-Wincompatible-pointer-types]
 1253 |   HAL_UART_Receive_IT(&huart1, Xbee_RX, 8);
      |                                ^~~~~~~
      |                                |
      |                                uint16_t * {aka short unsigned int *}
In file included from ../Core/Inc/stm32f1xx_hal_conf.h:337,
                 from ../Drivers/STM32F1xx_HAL_Driver/Inc/stm32f1xx_hal.h:30,
                 from ../Core/Inc/main.h:31,
                 from ../Core/Src/main.c:21:
../Drivers/STM32F1xx_HAL_Driver/Inc/stm32f1xx_hal_uart.h:703:75: note: expected 'uint8_t *' {aka 'unsigned char *'} but argument is of type 'uint16_t *' {aka 'short unsigned int *'}
  703 | HAL_StatusTypeDef HAL_UART_Receive_IT(UART_HandleTypeDef *huart, uint8_t *pData, uint16_t Size);
      |                                                                  ~~~~~~~~~^~~~~
arm-none-eabi-gcc -o "Robot3_F103RB_origin.elf" @"objects.list"   -mcpu=cortex-m3 -T"C:\ROBOT3\New\Rover_5_F103RB_Origin_CubeIDE\Rover_5_F103RB_Origin_CubeIDE\Robot3_F103RB_origin\STM32F103RBTX_FLASH.ld" --specs=nosys.specs -Wl,-Map="Robot3_F103RB_origin.map" -Wl,--gc-sections -static --specs=nano.specs -mfloat-abi=soft -mthumb -Wl,--start-group -lc -lm -Wl,--end-group
Finished building target: Robot3_F103RB_origin.elf
 
arm-none-eabi-size   Robot3_F103RB_origin.elf 
arm-none-eabi-objdump -h -S  Robot3_F103RB_origin.elf  > "Robot3_F103RB_origin.list"
   text	   data	    bss	    dec	    hex	filename
  45120	    124	   2284	  47528	   b9a8	Robot3_F103RB_origin.elf
Finished building: default.size.stdout
 
Finished building: Robot3_F103RB_origin.list
 
18:29:22 **** Incremental Build of configuration Debug for project Robot3_F103RB_origin ****
make -j8 all 
arm-none-eabi-size   Robot3_F103RB_origin.elf 
   text	   data	    bss	    dec	    hex	filename
  45120	    124	   2284	  47528	   b9a8	Robot3_F103RB_origin.elf
Finished building: default.size.stdout
 
18:29:44 **** Incremental Build of configuration Debug for project Robot3_F103RB_origin ****
make -j8 all 
arm-none-eabi-size   Robot3_F103RB_origin.elf 
   text	   data	    bss	    dec	    hex	filename
  45120	    124	   2284	  47528	   b9a8	Robot3_F103RB_origin.elf
Finished building: default.size.stdout
 
18:30:35 **** Incremental Build of configuration Debug for project Robot3_F103RB_origin ****
make -j8 all 
arm-none-eabi-gcc "../Core/Src/main.c" -mcpu=cortex-m3 -std=gnu11 -g3 -DUSE_HAL_DRIVER -DSTM32F103xB -DDEBUG -c -I../Core/Inc -I../Drivers/STM32F1xx_HAL_Driver/Inc -I../Drivers/STM32F1xx_HAL_Driver/Inc/Legacy -I../Drivers/CMSIS/Device/ST/STM32F1xx/Include -I../Drivers/CMSIS/Include -O0 -ffunction-sections -fdata-sections -Wall -fstack-usage -MMD -MP -MF"Core/Src/main.d" -MT"Core/Src/main.o" --specs=nano.specs -mfloat-abi=soft -mthumb -o "Core/Src/main.o"
../Core/Src/main.c: In function 'main':
../Core/Src/main.c:242:35: warning: passing argument 2 of 'HAL_UART_Receive_IT' from incompatible pointer type [-Wincompatible-pointer-types]
  242 |      HAL_UART_Receive_IT(&huart1, Xbee_RX,8); // 8bytes, Xbee sur uart1
      |                                   ^~~~~~~
      |                                   |
      |                                   uint16_t * {aka short unsigned int *}
In file included from ../Core/Inc/stm32f1xx_hal_conf.h:337,
                 from ../Drivers/STM32F1xx_HAL_Driver/Inc/stm32f1xx_hal.h:30,
                 from ../Core/Inc/main.h:31,
                 from ../Core/Src/main.c:21:
../Drivers/STM32F1xx_HAL_Driver/Inc/stm32f1xx_hal_uart.h:703:75: note: expected 'uint8_t *' {aka 'unsigned char *'} but argument is of type 'uint16_t *' {aka 'short unsigned int *'}
  703 | HAL_StatusTypeDef HAL_UART_Receive_IT(UART_HandleTypeDef *huart, uint8_t *pData, uint16_t Size);
      |                                                                  ~~~~~~~~~^~~~~
../Core/Src/main.c: In function 'Gestion_Commandes':
../Core/Src/main.c:341:5: warning: enumeration value 'PARK' not handled in switch [-Wswitch]
  341 |     switch (Etat) {
      |     ^~~~~~
../Core/Src/main.c:406:5: warning: enumeration value 'PARK' not handled in switch [-Wswitch]
  406 |     switch (Etat) {
      |     ^~~~~~
../Core/Src/main.c:471:5: warning: enumeration value 'PARK' not handled in switch [-Wswitch]
  471 |     switch (Etat) {
      |     ^~~~~~
../Core/Src/main.c:536:5: warning: enumeration value 'PARK' not handled in switch [-Wswitch]
  536 |     switch (Etat) {
      |     ^~~~~~
../Core/Src/main.c:602:5: warning: enumeration value 'AV1' not handled in switch [-Wswitch]
  602 |     switch (Etat) {
      |     ^~~~~~
../Core/Src/main.c:602:5: warning: enumeration value 'AV2' not handled in switch [-Wswitch]
../Core/Src/main.c:602:5: warning: enumeration value 'AV3' not handled in switch [-Wswitch]
../Core/Src/main.c:602:5: warning: enumeration value 'RV1' not handled in switch [-Wswitch]
../Core/Src/main.c:602:5: warning: enumeration value 'RV2' not handled in switch [-Wswitch]
../Core/Src/main.c:602:5: warning: enumeration value 'RV3' not handled in switch [-Wswitch]
../Core/Src/main.c:602:5: warning: enumeration value 'DV1' not handled in switch [-Wswitch]
../Core/Src/main.c:602:5: warning: enumeration value 'DV2' not handled in switch [-Wswitch]
../Core/Src/main.c:602:5: warning: enumeration value 'DV3' not handled in switch [-Wswitch]
../Core/Src/main.c:602:5: warning: enumeration value 'GV1' not handled in switch [-Wswitch]
../Core/Src/main.c:602:5: warning: enumeration value 'GV2' not handled in switch [-Wswitch]
../Core/Src/main.c:602:5: warning: enumeration value 'GV3' not handled in switch [-Wswitch]
../Core/Src/main.c:602:5: warning: enumeration value 'PARK' not handled in switch [-Wswitch]
../Core/Src/main.c:602:5: warning: enumeration value 'Att_PARK' not handled in switch [-Wswitch]
../Core/Src/main.c:616:5: warning: enumeration value 'AV1' not handled in switch [-Wswitch]
  616 |     switch (Etat) {
      |     ^~~~~~
../Core/Src/main.c:616:5: warning: enumeration value 'AV2' not handled in switch [-Wswitch]
../Core/Src/main.c:616:5: warning: enumeration value 'AV3' not handled in switch [-Wswitch]
../Core/Src/main.c:616:5: warning: enumeration value 'RV1' not handled in switch [-Wswitch]
../Core/Src/main.c:616:5: warning: enumeration value 'RV2' not handled in switch [-Wswitch]
../Core/Src/main.c:616:5: warning: enumeration value 'RV3' not handled in switch [-Wswitch]
../Core/Src/main.c:616:5: warning: enumeration value 'DV1' not handled in switch [-Wswitch]
../Core/Src/main.c:616:5: warning: enumeration value 'DV2' not handled in switch [-Wswitch]
../Core/Src/main.c:616:5: warning: enumeration value 'DV3' not handled in switch [-Wswitch]
../Core/Src/main.c:616:5: warning: enumeration value 'GV1' not handled in switch [-Wswitch]
../Core/Src/main.c:616:5: warning: enumeration value 'GV2' not handled in switch [-Wswitch]
../Core/Src/main.c:616:5: warning: enumeration value 'GV3' not handled in switch [-Wswitch]
../Core/Src/main.c:616:5: warning: enumeration value 'PARK' not handled in switch [-Wswitch]
../Core/Src/main.c:616:5: warning: enumeration value 'Att_PARK' not handled in switch [-Wswitch]
../Core/Src/main.c: In function 'ACS':
../Core/Src/main.c:655:14: warning: comparison between 'volatile enum MODE' and 'enum ETAT' [-Wenum-compare]
  655 |    if ( Mode == ACTIF || Mode == Park || Mode == Att_Park )
      |              ^~
../Core/Src/main.c: In function 'regulateur':
../Core/Src/main.c:745:12: warning: comparison between 'volatile enum MODE' and 'enum ETAT' [-Wenum-compare]
  745 |   if (Mode == ACTIF || Mode== Park || Mode== Att_Park)
      |            ^~
../Core/Src/main.c: In function 'Pilotage_Auto':
../Core/Src/main.c:837:5: warning: enumeration value 'SLEEP' not handled in switch [-Wswitch]
  837 |     switch (Mode){
      |     ^~~~~~
../Core/Src/main.c:837:5: warning: enumeration value 'ACTIF' not handled in switch [-Wswitch]
../Core/Src/main.c:854:5: warning: enumeration value 'EnvoyerCoord' not handled in switch [-Wswitch]
  854 |     switch (Sous_Etat){
      |     ^~~~~~
[...]
../Core/Src/main.c:911:33: warning: passing argument 2 of 'HAL_UART_Transmit' from incompatible pointer type [-Wincompatible-pointer-types]
  911 |       HAL_UART_Transmit(&huart1,Dem_TX,8,1000); //1s pour TimeOut au cas où il y a un problème // 8 =4*2
      |                                 ^~~~~~
      |                                 |
      |                                 uint16_t * {aka short unsigned int *}
In file included from ../Core/Inc/stm32f1xx_hal_conf.h:337,
                 from ../Drivers/STM32F1xx_HAL_Driver/Inc/stm32f1xx_hal.h:30,
                 from ../Core/Inc/main.h:31,
                 from ../Core/Src/main.c:21:
../Drivers/STM32F1xx_HAL_Driver/Inc/stm32f1xx_hal_uart.h:700:73: note: expected 'uint8_t *' {aka 'unsigned char *'} but argument is of type 'uint16_t *' {aka 'short unsigned int *'}
  700 | HAL_StatusTypeDef HAL_UART_Transmit(UART_HandleTypeDef *huart, uint8_t *pData, uint16_t Size, uint32_t Timeout);
      |                                                                ~~~~~~~~~^~~~~
../Core/Src/main.c:935:34: warning: passing argument 2 of 'HAL_UART_Transmit' from incompatible pointer type [-Wincompatible-pointer-types]
  935 |        HAL_UART_Transmit(&huart1,Coord_TX,8,1000);
      |                                  ^~~~~~~~
      |                                  |
      |                                  uint16_t * {aka short unsigned int *}
In file included from ../Core/Inc/stm32f1xx_hal_conf.h:337,
                 from ../Drivers/STM32F1xx_HAL_Driver/Inc/stm32f1xx_hal.h:30,
                 from ../Core/Inc/main.h:31,
                 from ../Core/Src/main.c:21:
../Drivers/STM32F1xx_HAL_Driver/Inc/stm32f1xx_hal_uart.h:700:73: note: expected 'uint8_t *' {aka 'unsigned char *'} but argument is of type 'uint16_t *' {aka 'short unsigned int *'}
  700 | HAL_StatusTypeDef HAL_UART_Transmit(UART_HandleTypeDef *huart, uint8_t *pData, uint16_t Size, uint32_t Timeout);
      |                                                                ~~~~~~~~~^~~~~
../Core/Src/main.c:907:5: warning: enumeration value 'AttenteAck' not handled in switch [-Wswitch]
  907 |     switch (Sous_Etat) {
      |     ^~~~~~
../Core/Src/main.c:907:5: warning: enumeration value 'tourne_servo' not handled in switch [-Wswitch]
../Core/Src/main.c:907:5: warning: enumeration value 'get_Dist' not handled in switch [-Wswitch]
../Core/Src/main.c:907:5: warning: enumeration value 'calc_xyz' not handled in switch [-Wswitch]
../Core/Src/main.c:907:5: warning: enumeration value 'phase1' not handled in switch [-Wswitch]
../Core/Src/main.c:907:5: warning: enumeration value 'phase2' not handled in switch [-Wswitch]
../Core/Src/main.c:907:5: warning: enumeration value 'phase3' not handled in switch [-Wswitch]
../Core/Src/main.c:907:5: warning: enumeration value 'EnvoyerAdd' not handled in switch [-Wswitch]
../Core/Src/main.c:907:5: warning: enumeration value 'AttDemAdd' not handled in switch [-Wswitch]
../Core/Src/main.c:907:5: warning: enumeration value 'AttPos' not handled in switch [-Wswitch]
../Core/Src/main.c:966:34: warning: passing argument 2 of 'HAL_UART_Transmit' from incompatible pointer type [-Wincompatible-pointer-types]
  966 |        HAL_UART_Transmit(&huart1,Add_TX,8,1000);
      |                                  ^~~~~~
      |                                  |
      |                                  uint16_t * {aka short unsigned int *}
In file included from ../Core/Inc/stm32f1xx_hal_conf.h:337,
                 from ../Drivers/STM32F1xx_HAL_Driver/Inc/stm32f1xx_hal.h:30,
                 from ../Core/Inc/main.h:31,
                 from ../Core/Src/main.c:21:
../Drivers/STM32F1xx_HAL_Driver/Inc/stm32f1xx_hal_uart.h:700:73: note: expected 'uint8_t *' {aka 'unsigned char *'} but argument is of type 'uint16_t *' {aka 'short unsigned int *'}
  700 | HAL_StatusTypeDef HAL_UART_Transmit(UART_HandleTypeDef *huart, uint8_t *pData, uint16_t Size, uint32_t Timeout);
      |                                                                ~~~~~~~~~^~~~~
../Core/Src/main.c:950:5: warning: enumeration value 'EnvoyerCoord' not handled in switch [-Wswitch]
  950 |     switch (Sous_Etat) {
      |     ^~~~~~
../Core/Src/main.c:950:5: warning: enumeration value 'AttenteReply' not handled in switch [-Wswitch]
../Core/Src/main.c:950:5: warning: enumeration value 'tourne_servo' not handled in switch [-Wswitch]
../Core/Src/main.c:950:5: warning: enumeration value 'get_Dist' not handled in switch [-Wswitch]
../Core/Src/main.c:950:5: warning: enumeration value 'calc_xyz' not handled in switch [-Wswitch]
../Core/Src/main.c:950:5: warning: enumeration value 'DemandeAdd' not handled in switch [-Wswitch]
../Core/Src/main.c:950:5: warning: enumeration value 'AttPos' not handled in switch [-Wswitch]
../Core/Src/main.c: In function 'HAL_UART_RxCpltCallback':
../Core/Src/main.c:1253:32: warning: passing argument 2 of 'HAL_UART_Receive_IT' from incompatible pointer type [-Wincompatible-pointer-types]
 1253 |   HAL_UART_Receive_IT(&huart1, Xbee_RX, 8);
      |                                ^~~~~~~
      |                                |
      |                                uint16_t * {aka short unsigned int *}
In file included from ../Core/Inc/stm32f1xx_hal_conf.h:337,
                 from ../Drivers/STM32F1xx_HAL_Driver/Inc/stm32f1xx_hal.h:30,
                 from ../Core/Inc/main.h:31,
                 from ../Core/Src/main.c:21:
../Drivers/STM32F1xx_HAL_Driver/Inc/stm32f1xx_hal_uart.h:703:75: note: expected 'uint8_t *' {aka 'unsigned char *'} but argument is of type 'uint16_t *' {aka 'short unsigned int *'}
  703 | HAL_StatusTypeDef HAL_UART_Receive_IT(UART_HandleTypeDef *huart, uint8_t *pData, uint16_t Size);
      |                                                                  ~~~~~~~~~^~~~~
arm-none-eabi-gcc -o "Robot3_F103RB_origin.elf" @"objects.list"   -mcpu=cortex-m3 -T"C:\ROBOT3\New\Rover_5_F103RB_Origin_CubeIDE\Rover_5_F103RB_Origin_CubeIDE\Robot3_F103RB_origin\STM32F103RBTX_FLASH.ld" --specs=nosys.specs -Wl,-Map="Robot3_F103RB_origin.map" -Wl,--gc-sections -static --specs=nano.specs -mfloat-abi=soft -mthumb -Wl,--start-group -lc -lm -Wl,--end-group
Finished building target: Robot3_F103RB_origin.elf
 
arm-none-eabi-size   Robot3_F103RB_origin.elf 
arm-none-eabi-objdump -h -S  Robot3_F103RB_origin.elf  > "Robot3_F103RB_origin.list"
   text	   data	    bss	    dec	    hex	filename
  45120	    124	   2284	  47528	   b9a8	Robot3_F103RB_origin.elf
Finished building: default.size.stdout
 
Finished building: Robot3_F103RB_origin.list
 
13:56:23 **** Incremental Build of configuration Debug for project Robot3_F103RB_origin ****
make -j8 all 
arm-none-eabi-gcc "../Core/Src/main.c" -mcpu=cortex-m3 -std=gnu11 -g3 -DUSE_HAL_DRIVER -DSTM32F103xB -DDEBUG -c -I../Core/Inc -I../Drivers/STM32F1xx_HAL_Driver/Inc -I../Drivers/STM32F1xx_HAL_Driver/Inc/Legacy -I../Drivers/CMSIS/Device/ST/STM32F1xx/Include -I../Drivers/CMSIS/Include -O0 -ffunction-sections -fdata-sections -Wall -fstack-usage -MMD -MP -MF"Core/Src/main.d" -MT"Core/Src/main.o" --specs=nano.specs -mfloat-abi=soft -mthumb -o "Core/Src/main.o"
../Core/Src/main.c: In function 'main':
../Core/Src/main.c:242:35: warning: passing argument 2 of 'HAL_UART_Receive_IT' from incompatible pointer type [-Wincompatible-pointer-types]
  242 |      HAL_UART_Receive_IT(&huart1, Xbee_RX,8); // 8bytes, Xbee sur uart1
      |                                   ^~~~~~~
      |                                   |
      |                                   uint16_t * {aka short unsigned int *}
In file included from ../Core/Inc/stm32f1xx_hal_conf.h:337,
                 from ../Drivers/STM32F1xx_HAL_Driver/Inc/stm32f1xx_hal.h:30,
                 from ../Core/Inc/main.h:31,
                 from ../Core/Src/main.c:21:
../Drivers/STM32F1xx_HAL_Driver/Inc/stm32f1xx_hal_uart.h:703:75: note: expected 'uint8_t *' {aka 'unsigned char *'} but argument is of type 'uint16_t *' {aka 'short unsigned int *'}
  703 | HAL_StatusTypeDef HAL_UART_Receive_IT(UART_HandleTypeDef *huart, uint8_t *pData, uint16_t Size);
      |                                                                  ~~~~~~~~~^~~~~
../Core/Src/main.c: In function 'Gestion_Commandes':
../Core/Src/main.c:341:5: warning: enumeration value 'PARK' not handled in switch [-Wswitch]
  341 |     switch (Etat) {
      |     ^~~~~~
../Core/Src/main.c:406:5: warning: enumeration value 'PARK' not handled in switch [-Wswitch]
  406 |     switch (Etat) {
      |     ^~~~~~
../Core/Src/main.c:471:5: warning: enumeration value 'PARK' not handled in switch [-Wswitch]
  471 |     switch (Etat) {
      |     ^~~~~~
../Core/Src/main.c:536:5: warning: enumeration value 'PARK' not handled in switch [-Wswitch]
  536 |     switch (Etat) {
      |     ^~~~~~
../Core/Src/main.c:602:5: warning: enumeration value 'AV1' not handled in switch [-Wswitch]
  602 |     switch (Etat) {
      |     ^~~~~~
../Core/Src/main.c:602:5: warning: enumeration value 'AV2' not handled in switch [-Wswitch]
../Core/Src/main.c:602:5: warning: enumeration value 'AV3' not handled in switch [-Wswitch]
../Core/Src/main.c:602:5: warning: enumeration value 'RV1' not handled in switch [-Wswitch]
../Core/Src/main.c:602:5: warning: enumeration value 'RV2' not handled in switch [-Wswitch]
../Core/Src/main.c:602:5: warning: enumeration value 'RV3' not handled in switch [-Wswitch]
../Core/Src/main.c:602:5: warning: enumeration value 'DV1' not handled in switch [-Wswitch]
../Core/Src/main.c:602:5: warning: enumeration value 'DV2' not handled in switch [-Wswitch]
../Core/Src/main.c:602:5: warning: enumeration value 'DV3' not handled in switch [-Wswitch]
../Core/Src/main.c:602:5: warning: enumeration value 'GV1' not handled in switch [-Wswitch]
../Core/Src/main.c:602:5: warning: enumeration value 'GV2' not handled in switch [-Wswitch]
../Core/Src/main.c:602:5: warning: enumeration value 'GV3' not handled in switch [-Wswitch]
../Core/Src/main.c:602:5: warning: enumeration value 'PARK' not handled in switch [-Wswitch]
../Core/Src/main.c:602:5: warning: enumeration value 'Att_PARK' not handled in switch [-Wswitch]
../Core/Src/main.c:616:5: warning: enumeration value 'AV1' not handled in switch [-Wswitch]
  616 |     switch (Etat) {
      |     ^~~~~~
../Core/Src/main.c:616:5: warning: enumeration value 'AV2' not handled in switch [-Wswitch]
../Core/Src/main.c:616:5: warning: enumeration value 'AV3' not handled in switch [-Wswitch]
../Core/Src/main.c:616:5: warning: enumeration value 'RV1' not handled in switch [-Wswitch]
../Core/Src/main.c:616:5: warning: enumeration value 'RV2' not handled in switch [-Wswitch]
../Core/Src/main.c:616:5: warning: enumeration value 'RV3' not handled in switch [-Wswitch]
../Core/Src/main.c:616:5: warning: enumeration value 'DV1' not handled in switch [-Wswitch]
../Core/Src/main.c:616:5: warning: enumeration value 'DV2' not handled in switch [-Wswitch]
../Core/Src/main.c:616:5: warning: enumeration value 'DV3' not handled in switch [-Wswitch]
../Core/Src/main.c:616:5: warning: enumeration value 'GV1' not handled in switch [-Wswitch]
../Core/Src/main.c:616:5: warning: enumeration value 'GV2' not handled in switch [-Wswitch]
../Core/Src/main.c:616:5: warning: enumeration value 'GV3' not handled in switch [-Wswitch]
../Core/Src/main.c:616:5: warning: enumeration value 'PARK' not handled in switch [-Wswitch]
../Core/Src/main.c:616:5: warning: enumeration value 'Att_PARK' not handled in switch [-Wswitch]
../Core/Src/main.c: In function 'ACS':
../Core/Src/main.c:655:14: warning: comparison between 'volatile enum MODE' and 'enum ETAT' [-Wenum-compare]
  655 |    if ( Mode == ACTIF || Mode == Park || Mode == Att_Park ) // on a ajouté Park et att_park
      |              ^~
../Core/Src/main.c: In function 'regulateur':
../Core/Src/main.c:745:12: warning: comparison between 'volatile enum MODE' and 'enum ETAT' [-Wenum-compare]
  745 |   if (Mode == ACTIF || Mode== Park || Mode== Att_Park)
      |            ^~
../Core/Src/main.c: In function 'Pilotage_Auto':
../Core/Src/main.c:837:5: warning: enumeration value 'SLEEP' not handled in switch [-Wswitch]
  837 |     switch (Mode){
      |     ^~~~~~
../Core/Src/main.c:837:5: warning: enumeration value 'ACTIF' not handled in switch [-Wswitch]
../Core/Src/main.c:854:5: warning: enumeration value 'EnvoyerCoord' not handled in switch [-Wswitch]
  854 |     switch (Sous_Etat){
      |     ^~~~~~
../Core/Src/main.c:854:5: warning: enumeration value 'AttenteAck' not handled in switch [-Wswitch]
../Core/Src/main.c:854:5: warning: enumeration value 'AttenteReply' not handled in switch [-Wswitch]
../Core/Src/main.c:854:5: warning: enumeration value 'calc_xyz' not handled in switch [-Wswitch]
../Core/Src/main.c:854:5: warning: enumeration value 'phase1' not handled in switch [-Wswitch]
../Core/Src/main.c:854:5: warning: enumeration value 'phase2' not handled in switch [-Wswitch]
../Core/Src/main.c:854:5: warning: enumeration value 'phase3' not handled in switch [-Wswitch]
../Core/Src/main.c:854:5: warning: enumeration value 'DemandeAdd' not handled in switch [-Wswitch]
../Core/Src/main.c:854:5: warning: enumeration value 'EnvoyerAdd' not handled in switch [-Wswitch]
../Core/Src/main.c:854:5: warning: enumeration value 'AttDemAdd' not handled in switch [-Wswitch]
../Core/Src/main.c:854:5: warning: enumeration value 'AttPos' not handled in switch [-Wswitch]
../Core/Src/main.c:911:33: warning: passing argument 2 of 'HAL_UART_Transmit' from incompatible pointer type [-Wincompatible-pointer-types]
  911 |       HAL_UART_Transmit(&huart1,Dem_TX,8,1000); //1s pour TimeOut au cas où il y a un problème // 8 =4*2
      |                                 ^~~~~~
      |                                 |
      |                                 uint16_t * {aka short unsigned int *}
In file included from ../Core/Inc/stm32f1xx_hal_conf.h:337,
                 from ../Drivers/STM32F1xx_HAL_Driver/Inc/stm32f1xx_hal.h:30,
                 from ../Core/Inc/main.h:31,
                 from ../Core/Src/main.c:21:
../Drivers/STM32F1xx_HAL_Driver/Inc/stm32f1xx_hal_uart.h:700:73: note: expected 'uint8_t *' {aka 'unsigned char *'} but argument is of type 'uint16_t *' {aka 'short unsigned int *'}
  700 | HAL_StatusTypeDef HAL_UART_Transmit(UART_HandleTypeDef *huart, uint8_t *pData, uint16_t Size, uint32_t Timeout);
      |                                                                ~~~~~~~~~^~~~~
../Core/Src/main.c:935:34: warning: passing argument 2 of 'HAL_UART_Transmit' from incompatible pointer type [-Wincompatible-pointer-types]
  935 |        HAL_UART_Transmit(&huart1,Coord_TX,8,1000);
      |                                  ^~~~~~~~
      |                                  |
      |                                  uint16_t * {aka short unsigned int *}
In file included from ../Core/Inc/stm32f1xx_hal_conf.h:337,
                 from ../Drivers/STM32F1xx_HAL_Driver/Inc/stm32f1xx_hal.h:30,
                 from ../Core/Inc/main.h:31,
                 from ../Core/Src/main.c:21:
../Drivers/STM32F1xx_HAL_Driver/Inc/stm32f1xx_hal_uart.h:700:73: note: expected 'uint8_t *' {aka 'unsigned char *'} but argument is of type 'uint16_t *' {aka 'short unsigned int *'}
  700 | HAL_StatusTypeDef HAL_UART_Transmit(UART_HandleTypeDef *huart, uint8_t *pData, uint16_t Size, uint32_t Timeout);
      |                                                                ~~~~~~~~~^~~~~
../Core/Src/main.c:907:5: warning: enumeration value 'AttenteAck' not handled in switch [-Wswitch]
  907 |     switch (Sous_Etat) {
      |     ^~~~~~
../Core/Src/main.c:907:5: warning: enumeration value 'tourne_servo' not handled in switch [-Wswitch]
../Core/Src/main.c:907:5: warning: enumeration value 'get_Dist' not handled in switch [-Wswitch]
../Core/Src/main.c:907:5: warning: enumeration value 'calc_xyz' not handled in switch [-Wswitch]
../Core/Src/main.c:907:5: warning: enumeration value 'phase1' not handled in switch [-Wswitch]
../Core/Src/main.c:907:5: warning: enumeration value 'phase2' not handled in switch [-Wswitch]
../Core/Src/main.c:907:5: warning: enumeration value 'phase3' not handled in switch [-Wswitch]
../Core/Src/main.c:907:5: warning: enumeration value 'EnvoyerAdd' not handled in switch [-Wswitch]
../Core/Src/main.c:907:5: warning: enumeration value 'AttDemAdd' not handled in switch [-Wswitch]
../Core/Src/main.c:907:5: warning: enumeration value 'AttPos' not handled in switch [-Wswitch]
../Core/Src/main.c:966:34: warning: passing argument 2 of 'HAL_UART_Transmit' from incompatible pointer type [-Wincompatible-pointer-types]
  966 |        HAL_UART_Transmit(&huart1,Add_TX,8,1000);
      |                                  ^~~~~~
      |                                  |
      |                                  uint16_t * {aka short unsigned int *}
In file included from ../Core/Inc/stm32f1xx_hal_conf.h:337,
                 from ../Drivers/STM32F1xx_HAL_Driver/Inc/stm32f1xx_hal.h:30,
                 from ../Core/Inc/main.h:31,
                 from ../Core/Src/main.c:21:
../Drivers/STM32F1xx_HAL_Driver/Inc/stm32f1xx_hal_uart.h:700:73: note: expected 'uint8_t *' {aka 'unsigned char *'} but argument is of type 'uint16_t *' {aka 'short unsigned int *'}
  700 | HAL_StatusTypeDef HAL_UART_Transmit(UART_HandleTypeDef *huart, uint8_t *pData, uint16_t Size, uint32_t Timeout);
      |                                                                ~~~~~~~~~^~~~~
../Core/Src/main.c:950:5: warning: enumeration value 'EnvoyerCoord' not handled in switch [-Wswitch]
  950 |     switch (Sous_Etat) {
      |     ^~~~~~
../Core/Src/main.c:950:5: warning: enumeration value 'AttenteReply' not handled in switch [-Wswitch]
../Core/Src/main.c:950:5: warning: enumeration value 'tourne_servo' not handled in switch [-Wswitch]
../Core/Src/main.c:950:5: warning: enumeration value 'get_Dist' not handled in switch [-Wswitch]
../Core/Src/main.c:950:5: warning: enumeration value 'calc_xyz' not handled in switch [-Wswitch]
../Core/Src/main.c:950:5: warning: enumeration value 'DemandeAdd' not handled in switch [-Wswitch]
../Core/Src/main.c:950:5: warning: enumeration value 'AttPos' not handled in switch [-Wswitch]
../Core/Src/main.c: In function 'HAL_UART_RxCpltCallback':
../Core/Src/main.c:1253:32: warning: passing argument 2 of 'HAL_UART_Receive_IT' from incompatible pointer type [-Wincompatible-pointer-types]
 1253 |   HAL_UART_Receive_IT(&huart1, Xbee_RX, 8);
      |                                ^~~~~~~
      |                                |
      |                                uint16_t * {aka short unsigned int *}
In file included from ../Core/Inc/stm32f1xx_hal_conf.h:337,
                 from ../Drivers/STM32F1xx_HAL_Driver/Inc/stm32f1xx_hal.h:30,
                 from ../Core/Inc/main.h:31,
                 from ../Core/Src/main.c:21:
../Drivers/STM32F1xx_HAL_Driver/Inc/stm32f1xx_hal_uart.h:703:75: note: expected 'uint8_t *' {aka 'unsigned char *'} but argument is of type 'uint16_t *' {aka 'short unsigned int *'}
  703 | HAL_StatusTypeDef HAL_UART_Receive_IT(UART_HandleTypeDef *huart, uint8_t *pData, uint16_t Size);
      |                                                                  ~~~~~~~~~^~~~~
arm-none-eabi-gcc -o "Robot3_F103RB_origin.elf" @"objects.list"   -mcpu=cortex-m3 -T"C:\ROBOT3\New\Rover_5_F103RB_Origin_CubeIDE\Rover_5_F103RB_Origin_CubeIDE\Robot3_F103RB_origin\STM32F103RBTX_FLASH.ld" --specs=nosys.specs -Wl,-Map="Robot3_F103RB_origin.map" -Wl,--gc-sections -static --specs=nano.specs -mfloat-abi=soft -mthumb -Wl,--start-group -lc -lm -Wl,--end-group
Finished building target: Robot3_F103RB_origin.elf
 
arm-none-eabi-size   Robot3_F103RB_origin.elf 
arm-none-eabi-objdump -h -S  Robot3_F103RB_origin.elf  > "Robot3_F103RB_origin.list"
   text	   data	    bss	    dec	    hex	filename
  45120	    124	   2284	  47528	   b9a8	Robot3_F103RB_origin.elf
Finished building: default.size.stdout
 
Finished building: Robot3_F103RB_origin.list
 
