../Core/Src/main.c:196:5:main	8	static
../Core/Src/main.c:264:6:SystemClock_Config	88	static
../Core/Src/main.c:307:13:MX_NVIC_Init	8	static
../Core/Src/main.c:318:6:Gestion_Commandes	4	static
../Core/Src/main.c:632:6:controle	8	static
../Core/Src/main.c:643:6:ACS	4	static
../Core/Src/main.c:710:6:Calcul_Vit	4	static
../Core/Src/main.c:722:6:regulateur	24	static
../Core/Src/main.c:811:6:LD2	16	static
../Core/Src/main.c:818:6:Pilotage_Auto	40	static
../Core/Src/main.c:1118:6:HAL_UART_RxCpltCallback	16	static
../Core/Src/main.c:1257:6:HAL_ADC_ConvCpltCallback	16	static
../Core/Src/main.c:1269:6:HAL_ADC_LevelOutOfWindowCallback	16	static
../Core/Src/main.c:1274:6:HAL_TIM_IC_CaptureCallback	16	static
../Core/Src/main.c:1280:6:HAL_TIM_PeriodElapsedCallback	16	static
../Core/Src/main.c:1319:6:HAL_GPIO_EXTI_Callback	16	static
../Core/Src/main.c:1345:6:Error_Handler	4	static
../Core/Src/main.c:1361:6:assert_failed	16	static
